Archive member included to satisfy reference by file (symbol)

/mnt/d/workspace/tools/toolchain/riscv64-elf-x86_64-20200720/bin/../lib/gcc/riscv64-unknown-elf/8.1.0/../../../../riscv64-unknown-elf/lib/rv32imafc/ilp32f/libc.a(lib_a-memmove.o)
                              out/BSP_Common/xz/xz_dec_lzma2.o (memmove)
/mnt/d/workspace/tools/toolchain/riscv64-elf-x86_64-20200720/bin/../lib/gcc/riscv64-unknown-elf/8.1.0/rv32imafc/ilp32f/libgcc.a(_clzsi2.o)
                              out/3rdParty/FreeRTOS/Source/tasks.o (__clzsi2)
/mnt/d/workspace/tools/toolchain/riscv64-elf-x86_64-20200720/bin/../lib/gcc/riscv64-unknown-elf/8.1.0/rv32imafc/ilp32f/libgcc.a(_udivdi3.o)
                              out/BSP_Common/libc/vsnprintf.o (__udivdi3)
/mnt/d/workspace/tools/toolchain/riscv64-elf-x86_64-20200720/bin/../lib/gcc/riscv64-unknown-elf/8.1.0/rv32imafc/ilp32f/libgcc.a(_umoddi3.o)
                              out/BSP_Common/libc/vsnprintf.o (__umoddi3)
/mnt/d/workspace/tools/toolchain/riscv64-elf-x86_64-20200720/bin/../lib/gcc/riscv64-unknown-elf/8.1.0/rv32imafc/ilp32f/libgcc.a(adddf3.o)
                              out/BSP_Common/libc/atof.o (__adddf3)
/mnt/d/workspace/tools/toolchain/riscv64-elf-x86_64-20200720/bin/../lib/gcc/riscv64-unknown-elf/8.1.0/rv32imafc/ilp32f/libgcc.a(divdf3.o)
                              out/ChipTest/Eflash_Loader/bflb_eflash_loader_uart.o (__divdf3)
/mnt/d/workspace/tools/toolchain/riscv64-elf-x86_64-20200720/bin/../lib/gcc/riscv64-unknown-elf/8.1.0/rv32imafc/ilp32f/libgcc.a(muldf3.o)
                              out/ChipTest/Eflash_Loader/bflb_eflash_loader_uart.o (__muldf3)
/mnt/d/workspace/tools/toolchain/riscv64-elf-x86_64-20200720/bin/../lib/gcc/riscv64-unknown-elf/8.1.0/rv32imafc/ilp32f/libgcc.a(subdf3.o)
                              out/BSP_Driver/BL602_BSP_Driver/StdDriver/bl602_adc.o (__subdf3)
/mnt/d/workspace/tools/toolchain/riscv64-elf-x86_64-20200720/bin/../lib/gcc/riscv64-unknown-elf/8.1.0/rv32imafc/ilp32f/libgcc.a(fixdfsi.o)
                              out/BSP_Driver/BL602_BSP_Driver/RFDriver/bl602_rf_private.o (__fixdfsi)
/mnt/d/workspace/tools/toolchain/riscv64-elf-x86_64-20200720/bin/../lib/gcc/riscv64-unknown-elf/8.1.0/rv32imafc/ilp32f/libgcc.a(fixunsdfsi.o)
                              out/ChipTest/Eflash_Loader/bflb_eflash_loader_uart.o (__fixunsdfsi)
/mnt/d/workspace/tools/toolchain/riscv64-elf-x86_64-20200720/bin/../lib/gcc/riscv64-unknown-elf/8.1.0/rv32imafc/ilp32f/libgcc.a(floatsidf.o)
                              out/BSP_Common/libc/atof.o (__floatsidf)
/mnt/d/workspace/tools/toolchain/riscv64-elf-x86_64-20200720/bin/../lib/gcc/riscv64-unknown-elf/8.1.0/rv32imafc/ilp32f/libgcc.a(floatunsidf.o)
                              out/ChipTest/Eflash_Loader/bflb_eflash_loader_uart.o (__floatunsidf)
/mnt/d/workspace/tools/toolchain/riscv64-elf-x86_64-20200720/bin/../lib/gcc/riscv64-unknown-elf/8.1.0/rv32imafc/ilp32f/libgcc.a(extendsfdf2.o)
                              out/BSP_Driver/BL602_BSP_Driver/StdDriver/bl602_adc.o (__extendsfdf2)
/mnt/d/workspace/tools/toolchain/riscv64-elf-x86_64-20200720/bin/../lib/gcc/riscv64-unknown-elf/8.1.0/rv32imafc/ilp32f/libgcc.a(truncdfsf2.o)
                              out/BSP_Driver/BL602_BSP_Driver/StdDriver/bl602_adc.o (__truncdfsf2)
/mnt/d/workspace/tools/toolchain/riscv64-elf-x86_64-20200720/bin/../lib/gcc/riscv64-unknown-elf/8.1.0/rv32imafc/ilp32f/libgcc.a(_clz.o)
                              /mnt/d/workspace/tools/toolchain/riscv64-elf-x86_64-20200720/bin/../lib/gcc/riscv64-unknown-elf/8.1.0/rv32imafc/ilp32f/libgcc.a(_clzsi2.o) (__clz_tab)

Discarded input sections

 .group         0x0000000000000000        0xc out/ChipTest/Eflash_Loader/main.o
 .group         0x0000000000000000        0xc out/ChipTest/Eflash_Loader/main.o
 .group         0x0000000000000000        0xc out/ChipTest/Eflash_Loader/main.o
 .group         0x0000000000000000        0xc out/ChipTest/Eflash_Loader/main.o
 .group         0x0000000000000000        0xc out/ChipTest/Eflash_Loader/main.o
 .group         0x0000000000000000        0xc out/ChipTest/Eflash_Loader/main.o
 .group         0x0000000000000000        0xc out/ChipTest/Eflash_Loader/main.o
 .group         0x0000000000000000        0xc out/ChipTest/Eflash_Loader/main.o
 .group         0x0000000000000000        0xc out/ChipTest/Eflash_Loader/main.o
 .group         0x0000000000000000        0xc out/ChipTest/Eflash_Loader/main.o
 .group         0x0000000000000000        0xc out/ChipTest/Eflash_Loader/main.o
 .group         0x0000000000000000        0xc out/ChipTest/Eflash_Loader/main.o
 .group         0x0000000000000000        0xc out/ChipTest/Eflash_Loader/main.o
 .group         0x0000000000000000        0xc out/ChipTest/Eflash_Loader/main.o
 .group         0x0000000000000000        0xc out/ChipTest/Eflash_Loader/main.o
 .group         0x0000000000000000        0xc out/ChipTest/Eflash_Loader/main.o
[...]
Memory Configuration

Name             Origin             Length             Attributes
itcm_memory      0x0000000022010000 0x000000000000c000 xr
dtcm_memory      0x000000004201c000 0x0000000000004000 xr
ram_memory       0x0000000042020000 0x0000000000017000 !xr
*default*        0x0000000000000000 0xffffffffffffffff

Linker script and memory map

LOAD out/ChipTest/Eflash_Loader/main.o
LOAD out/ChipTest/Eflash_Loader/bflb_eflash_loader_cmds.o
LOAD out/ChipTest/Eflash_Loader/bflb_eflash_loader_gpio.o
LOAD out/ChipTest/Eflash_Loader/bflb_eflash_loader_interface.o
LOAD out/ChipTest/Eflash_Loader/bflb_eflash_loader_jlink.o
LOAD out/ChipTest/Eflash_Loader/bflb_eflash_loader_uart.o
LOAD out/ChipTest/Eflash_Loader/bflb_eflash_loader_sdio.o
LOAD out/ChipTest/Eflash_Loader/bflb_eflash_loader_boot.o
LOAD out/ChipTest/Eflash_Loader/bflb_spi_flash.o
LOAD out/ChipTest/Eflash_Loader/bflb_efuse.o
LOAD out/ChipTest/Eflash_Loader/bflb_eflash_loader_cfg.o
LOAD out/ChipTest/Eflash_Loader/bflb_set_clock.o
LOAD out/ChipTest/Eflash_Loader/sdu.o
LOAD out/BSP_Common/ring_buffer/ring_buffer.o
LOAD out/BSP_Common/libc/atof.o
LOAD out/BSP_Common/libc/atoi.o
LOAD out/BSP_Common/libc/atol.o
LOAD out/BSP_Common/libc/atoll.o
LOAD out/BSP_Common/libc/jrand48.o
LOAD out/BSP_Common/libc/lrand48.o
LOAD out/BSP_Common/libc/mrand48.o
LOAD out/BSP_Common/libc/nrand48.o
LOAD out/BSP_Common/libc/seed48.o
LOAD out/BSP_Common/libc/srand48.o
LOAD out/BSP_Common/libc/memccpy.o
LOAD out/BSP_Common/libc/memcpy.o
LOAD out/BSP_Common/libc/memset.o
LOAD out/BSP_Common/libc/memswap.o
LOAD out/BSP_Common/libc/memchr.o
LOAD out/BSP_Common/libc/memrchr.o
LOAD out/BSP_Common/libc/memmem.o
LOAD out/BSP_Common/libc/memcmp.o
LOAD out/BSP_Common/libc/bsearch.o
LOAD out/BSP_Common/libc/qsort.o
LOAD out/BSP_Common/libc/fnmatch.o
LOAD out/BSP_Common/libc/snprintf.o
LOAD out/BSP_Common/libc/sprintf.o
LOAD out/BSP_Common/libc/sscanf.o
LOAD out/BSP_Common/libc/vsnprintf.o
LOAD out/BSP_Common/libc/vsprintf.o
LOAD out/BSP_Common/libc/vsscanf.o
LOAD out/BSP_Common/libc/strcmp.o
LOAD out/BSP_Common/libc/strncmp.o
LOAD out/BSP_Common/libc/strcasecmp.o
LOAD out/BSP_Common/libc/strncasecmp.o
LOAD out/BSP_Common/libc/strcpy.o
LOAD out/BSP_Common/libc/strlcpy.o
LOAD out/BSP_Common/libc/strncpy.o
LOAD out/BSP_Common/libc/strcat.o
LOAD out/BSP_Common/libc/strlcat.o
LOAD out/BSP_Common/libc/strncat.o
LOAD out/BSP_Common/libc/strlen.o
LOAD out/BSP_Common/libc/strnlen.o
LOAD out/BSP_Common/libc/strchr.o
LOAD out/BSP_Common/libc/strrchr.o
LOAD out/BSP_Common/libc/strsep.o
LOAD out/BSP_Common/libc/strstr.o
LOAD out/BSP_Common/libc/strcspn.o
LOAD out/BSP_Common/libc/strspn.o
LOAD out/BSP_Common/libc/strxspn.o
LOAD out/BSP_Common/libc/strpbrk.o
LOAD out/BSP_Common/libc/strtok.o
LOAD out/BSP_Common/libc/strtok_r.o
LOAD out/BSP_Common/libc/strtol.o
LOAD out/BSP_Common/libc/strtoll.o
LOAD out/BSP_Common/libc/strtoul.o
LOAD out/BSP_Common/libc/strtoull.o
LOAD out/BSP_Common/libc/strtoimax.o
LOAD out/BSP_Common/libc/strtoumax.o
LOAD out/BSP_Common/libc/strntoimax.o
LOAD out/BSP_Common/libc/strntoumax.o
LOAD out/BSP_Common/libc/stdlib.o
LOAD out/BSP_Common/libc/common.o
LOAD out/BSP_Common/libc/ctype_isalnum.o
LOAD out/BSP_Common/libc/ctype_isalpha.o
LOAD out/BSP_Common/libc/ctype_isascii.o
LOAD out/BSP_Common/libc/ctype_isblank.o
LOAD out/BSP_Common/libc/ctype_iscntrl.o
LOAD out/BSP_Common/libc/ctype_isdigit.o
LOAD out/BSP_Common/libc/ctype_isgraph.o
LOAD out/BSP_Common/libc/ctype_ispunct.o
LOAD out/BSP_Common/libc/ctype_islower.o
LOAD out/BSP_Common/libc/ctype_isprint.o
LOAD out/BSP_Common/libc/ctype_isspace.o
LOAD out/BSP_Common/libc/ctype_isupper.o
LOAD out/BSP_Common/libc/ctype_tolower.o
LOAD out/BSP_Common/libc/ctype_toupper.o
LOAD out/BSP_Common/libc/ctype_isxdigit.o
LOAD out/BSP_Common/libc/ctypes.o
LOAD out/BSP_Common/soft_crc/softcrc.o
LOAD out/BSP_Common/cipher_suite/bflb_crypt.o
LOAD out/BSP_Common/cipher_suite/bflb_hash.o
LOAD out/BSP_Common/cipher_suite/bflb_ecdsa.o
LOAD out/BSP_Common/cipher_suite/bflb_dsa.o
LOAD out/BSP_Common/xz/xz_crc32.o
LOAD out/BSP_Common/xz/xz_dec_lzma2.o
LOAD out/BSP_Common/xz/xz_dec_stream.o
LOAD out/BSP_Common/xz/xz_decompress.o
LOAD out/BSP_Common/xz/xz_port.o
LOAD out/BSP_Common/partition/partition.o
LOAD out/startup/system_bl602.o
LOAD out/startup/GCC/start_load.o
LOAD out/startup/interrupt.o
LOAD out/startup/GCC/entry.o
LOAD out/BSP_Common/FreeRTOS/port.o
LOAD out/BSP_Common/FreeRTOS/portASM.o
LOAD out/BSP_Driver/BL602_BSP_Driver/StdDriver/bl602_common.o
LOAD out/BSP_Driver/BL602_BSP_Driver/StdDriver/bl602_uart.o
LOAD out/BSP_Driver/BL602_BSP_Driver/StdDriver/bl602_dma.o
LOAD out/BSP_Driver/BL602_BSP_Driver/StdDriver/bl602_glb.o
LOAD out/BSP_Driver/BL602_BSP_Driver/StdDriver/bl602_timer.o
LOAD out/BSP_Driver/BL602_BSP_Driver/StdDriver/bl602_ef_ctrl.o
LOAD out/BSP_Driver/BL602_BSP_Driver/StdDriver/bl602_aon.o
LOAD out/BSP_Driver/BL602_BSP_Driver/StdDriver/bl602_hbn.o
LOAD out/BSP_Driver/BL602_BSP_Driver/StdDriver/bl602_sec_eng.o
LOAD out/BSP_Driver/BL602_BSP_Driver/StdDriver/bl602_sdu.o
LOAD out/BSP_Driver/BL602_BSP_Driver/StdDriver/bl602_dac.o
LOAD out/BSP_Driver/BL602_BSP_Driver/StdDriver/bl602_l1c.o
LOAD out/BSP_Driver/BL602_BSP_Driver/StdDriver/bl602_pwm.o
LOAD out/BSP_Driver/BL602_BSP_Driver/StdDriver/bl602_i2c.o
LOAD out/BSP_Driver/BL602_BSP_Driver/StdDriver/bl602_sec_dbg.o
LOAD out/BSP_Driver/BL602_BSP_Driver/StdDriver/bl602_ir.o
LOAD out/BSP_Driver/BL602_BSP_Driver/StdDriver/bl602_spi.o
LOAD out/BSP_Driver/BL602_BSP_Driver/StdDriver/bl602_pds.o
LOAD out/BSP_Driver/BL602_BSP_Driver/StdDriver/bl602_tzc_sec.o
LOAD out/BSP_Driver/BL602_BSP_Driver/StdDriver/bl602_adc.o
LOAD out/BSP_Driver/BL602_BSP_Driver/StdDriver/bl602_acomp.o
LOAD out/BSP_Driver/BL602_BSP_Driver/StdDriver/bl602_mfg_efuse.o
LOAD out/BSP_Driver/BL602_BSP_Driver/StdDriver/bl602_romapi.o
LOAD out/BSP_Driver/BL602_BSP_Driver/StdDriver/bl602_sflash_ext.o
LOAD out/BSP_Driver/BL602_BSP_Driver/StdDriver/bl602_sf_cfg_ext.o
LOAD out/BSP_Driver/BL602_BSP_Driver/StdDriver/bl602_xip_sflash_ext.o
LOAD out/BSP_Driver/BL602_BSP_Driver/RFDriver/bl602_rf_private.o
LOAD out/BSP_Driver/BL602_BSP_Driver/RFDriver/bl602_calib_data.o
LOAD out/BSP_Driver/BL602_BSP_Driver/platform_print/platform_device.o
LOAD out/BSP_Driver/BL602_BSP_Driver/platform_print/platform_gpio.o
LOAD out/3rdParty/FreeRTOS/Source/tasks.o
LOAD out/3rdParty/FreeRTOS/Source/list.o
LOAD out/3rdParty/FreeRTOS/Source/queue.o
LOAD out/3rdParty/FreeRTOS/Source/timers.o
LOAD out/3rdParty/FreeRTOS/Source/stream_buffer.o
LOAD out/3rdParty/FreeRTOS/Source/croutine.o
LOAD out/3rdParty/FreeRTOS/Source/portable/MemMang/heap_5.o
LOAD /mnt/d/workspace/tools/toolchain/riscv64-elf-x86_64-20200720/bin/../lib/gcc/riscv64-unknown-elf/8.1.0/../../../../riscv64-unknown-elf/lib/rv32imafc/ilp32f/libc.a
LOAD /mnt/d/workspace/tools/toolchain/riscv64-elf-x86_64-20200720/bin/../lib/gcc/riscv64-unknown-elf/8.1.0/../../../../riscv64-unknown-elf/lib/rv32imafc/ilp32f/libm.a
LOAD /mnt/d/workspace/tools/toolchain/riscv64-elf-x86_64-20200720/bin/../lib/gcc/riscv64-unknown-elf/8.1.0/rv32imafc/ilp32f/libgcc.a
START GROUP
LOAD /mnt/d/workspace/tools/toolchain/riscv64-elf-x86_64-20200720/bin/../lib/gcc/riscv64-unknown-elf/8.1.0/../../../../riscv64-unknown-elf/lib/rv32imafc/ilp32f/libc.a
LOAD /mnt/d/workspace/tools/toolchain/riscv64-elf-x86_64-20200720/bin/../lib/gcc/riscv64-unknown-elf/8.1.0/../../../../riscv64-unknown-elf/lib/rv32imafc/ilp32f/libgloss.a
END GROUP
LOAD /mnt/d/workspace/tools/toolchain/riscv64-elf-x86_64-20200720/bin/../lib/gcc/riscv64-unknown-elf/8.1.0/rv32imafc/ilp32f/libgcc.a
LOAD /mnt/d/workspace/tools/toolchain/riscv64-elf-x86_64-20200720/bin/../lib/gcc/riscv64-unknown-elf/8.1.0/../../../../riscv64-unknown-elf/lib/rv32imafc/ilp32f/libc.a
LOAD /mnt/d/workspace/tools/toolchain/riscv64-elf-x86_64-20200720/bin/../lib/gcc/riscv64-unknown-elf/8.1.0/rv32imafc/ilp32f/libgcc.a
                0x0000000000000400                StackSize = 0x400
                0x0000000000000000                PROVIDE (__metal_chicken_bit = 0x0)

.text           0x0000000022010000     0x8a3c
                0x0000000022010000                . = ALIGN (0x4)
                0x0000000022010000                __text_code_start__ = .
 *(.text.metal.init.enter)
 .text.metal.init.enter
                0x0000000022010000       0x86 out/startup/GCC/entry.o
                0x0000000022010000                _enter
 *(SORT_NONE(.init))
 *fill*         0x0000000022010086       0x3a 
 .init          0x00000000220100c0      0x142 out/startup/interrupt.o
                0x00000000220100c0                __Vectors
 *(.text)
 .text          0x0000000022010202       0x4a /mnt/d/workspace/tools/toolchain/riscv64-elf-x86_64-20200720/bin/../lib/gcc/riscv64-unknown-elf/8.1.0/../../../../riscv64-unknown-elf/lib/rv32imafc/ilp32f/libc.a(lib_a-memmove.o)
                0x0000000022010202                memmove
 .text          0x000000002201024c      0x35e /mnt/d/workspace/tools/toolchain/riscv64-elf-x86_64-20200720/bin/../lib/gcc/riscv64-unknown-elf/8.1.0/rv32imafc/ilp32f/libgcc.a(_udivdi3.o)
                0x000000002201024c                __udivdi3
 .text          0x00000000220105aa      0x352 /mnt/d/workspace/tools/toolchain/riscv64-elf-x86_64-20200720/bin/../lib/gcc/riscv64-unknown-elf/8.1.0/rv32imafc/ilp32f/libgcc.a(_umoddi3.o)
                0x00000000220105aa                __umoddi3
 *(.text.*)
 .text.startup.main
                0x00000000220108fc      0x1ac out/ChipTest/Eflash_Loader/main.o
                0x00000000220108fc                main
 .text.bflb_eflash_loader_cmd_read_jedec_id
                0x0000000022010aa8       0x4c out/ChipTest/Eflash_Loader/bflb_eflash_loader_cmds.o
 .text.bflb_eflash_loader_cmd_read_log
                0x0000000022010af4       0x5a out/ChipTest/Eflash_Loader/bflb_eflash_loader_cmds.o
 .text.bflb_eflash_loader_cmd_ack.part.0
                0x0000000022010b4e       0x1e out/ChipTest/Eflash_Loader/bflb_eflash_loader_cmds.o
 .text.bflb_eflash_loader_cmd_ack
                0x0000000022010b6c       0x28 out/ChipTest/Eflash_Loader/bflb_eflash_loader_cmds.o
 .text.bflb_eflash_loader_cmd_write_flash_check
                0x0000000022010b94       0x22 out/ChipTest/Eflash_Loader/bflb_eflash_loader_cmds.o
 .text.bflb_eflash_loader_cmd_write_mem
                0x0000000022010bb6       0x9c out/ChipTest/Eflash_Loader/bflb_eflash_loader_cmds.o
 .text.bflb_eflash_loader_cmd_write_status_register
                0x0000000022010c52       0xde out/ChipTest/Eflash_Loader/bflb_eflash_loader_cmds.o
 .text.bflb_eflash_loader_cmd_read_mac_addr
                0x0000000022010d30       0x88 out/ChipTest/Eflash_Loader/bflb_eflash_loader_cmds.o
 .text.bflb_eflash_loader_cmd_read_efuse
                0x0000000022010db8      0x132 out/ChipTest/Eflash_Loader/bflb_eflash_loader_cmds.o
 .text.bflb_eflash_loader_cmd_write_efuse
                0x0000000022010eea       0xd0 out/ChipTest/Eflash_Loader/bflb_eflash_loader_cmds.o
 .text.bflb_eflash_loader_cmd_xip_read_flash
                0x0000000022010fba      0x166 out/ChipTest/Eflash_Loader/bflb_eflash_loader_cmds.o
 .text.bflb_eflash_loader_cmd_xip_readSha_flash
                0x0000000022011120      0x154 out/ChipTest/Eflash_Loader/bflb_eflash_loader_cmds.o
 .text.bflb_eflash_loader_cmd_readSha_flash
                0x0000000022011274      0x156 out/ChipTest/Eflash_Loader/bflb_eflash_loader_cmds.o
 .text.bflb_eflash_loader_cmd_read_flash
                0x00000000220113ca      0x168 out/ChipTest/Eflash_Loader/bflb_eflash_loader_cmds.o
 .text.bflb_eflash_loader_cmd_flash_chip_erase
                0x0000000022011532       0x4c out/ChipTest/Eflash_Loader/bflb_eflash_loader_cmds.o
 .text.bflb_eflash_loader_cmd_erase_flash
                0x000000002201157e      0x14e out/ChipTest/Eflash_Loader/bflb_eflash_loader_cmds.o
 .text.bflb_eflash_loader_cmd_set_flash_para
                0x00000000220116cc      0x110 out/ChipTest/Eflash_Loader/bflb_eflash_loader_cmds.o
 .text.bflb_eflash_loader_cmd_read_mem
                0x00000000220117dc       0xec out/ChipTest/Eflash_Loader/bflb_eflash_loader_cmds.o
 .text.bflb_eflash_loader_cmd_read_status_register
                0x00000000220118c8       0xc6 out/ChipTest/Eflash_Loader/bflb_eflash_loader_cmds.o
 .text.bflb_eflash_loader_cmd_flash_boot
                0x000000002201198e       0x32 out/ChipTest/Eflash_Loader/bflb_eflash_loader_cmds.o
 .text.bflb_eflash_loader_cmd_reset
                0x00000000220119c0       0x34 out/ChipTest/Eflash_Loader/bflb_eflash_loader_cmds.o
 .text.bflb_eflash_loader_cmd_write_flash
                0x00000000220119f4       0xba out/ChipTest/Eflash_Loader/bflb_eflash_loader_cmds.o
 .text.bflb_eflash_loader_cmd_write_flash_with_decompress
                0x0000000022011aae      0x1ca out/ChipTest/Eflash_Loader/bflb_eflash_loader_cmds.o
 .text.bflb_eflash_loader_cmd_xip_read_flash_start
                0x0000000022011c78       0x20 out/ChipTest/Eflash_Loader/bflb_eflash_loader_cmds.o
 .text.bflb_eflash_loader_cmd_xip_read_flash_finish
                0x0000000022011c98       0x20 out/ChipTest/Eflash_Loader/bflb_eflash_loader_cmds.o
 .text.bflb_eflash_loader_cmd_init
                0x0000000022011cb8        0xa out/ChipTest/Eflash_Loader/bflb_eflash_loader_cmds.o
                0x0000000022011cb8                bflb_eflash_loader_cmd_init
 .text.bflb_eflash_loader_cmd_process
                0x0000000022011cc2       0x5a out/ChipTest/Eflash_Loader/bflb_eflash_loader_cmds.o
                0x0000000022011cc2                bflb_eflash_loader_cmd_process
 .text.bootrom_read_boot_mode
                0x0000000022011d1c       0x48 out/ChipTest/Eflash_Loader/bflb_eflash_loader_gpio.o
                0x0000000022011d1c                bootrom_read_boot_mode
 .text.bflb_eflash_loader_init_uart_gpio
                0x0000000022011d64       0x3c out/ChipTest/Eflash_Loader/bflb_eflash_loader_gpio.o
                0x0000000022011d64                bflb_eflash_loader_init_uart_gpio
 .text.bflb_eflash_loader_init_sdio_gpio
                0x0000000022011da0       0x9c out/ChipTest/Eflash_Loader/bflb_eflash_loader_gpio.o
                0x0000000022011da0                bflb_eflash_loader_init_sdio_gpio
 .text.bflb_eflash_loader_if_set
                0x0000000022011e3c      0x128 out/ChipTest/Eflash_Loader/bflb_eflash_loader_interface.o
                0x0000000022011e3c                bflb_eflash_loader_if_set
 .text.bflb_eflash_loader_interface_init
                0x0000000022011f64       0x14 out/ChipTest/Eflash_Loader/bflb_eflash_loader_interface.o
                0x0000000022011f64                bflb_eflash_loader_interface_init
 .text.bflb_eflash_loader_interface_deinit
                0x0000000022011f78       0x10 out/ChipTest/Eflash_Loader/bflb_eflash_loader_interface.o
                0x0000000022011f78                bflb_eflash_loader_interface_deinit
 .text.bflb_eflash_loader_main
                0x0000000022011f88      0x14c out/ChipTest/Eflash_Loader/bflb_eflash_loader_interface.o
                0x0000000022011f88                bflb_eflash_loader_main
 .text.bflb_eflash_loader_jlink_init
                0x00000000220120d4        0x4 out/ChipTest/Eflash_Loader/bflb_eflash_loader_jlink.o
                0x00000000220120d4                bflb_eflash_loader_jlink_init
 .text.bflb_eflash_loader_jlink_handshake_poll
                0x00000000220120d8       0x6e out/ChipTest/Eflash_Loader/bflb_eflash_loader_jlink.o
                0x00000000220120d8                bflb_eflash_loader_jlink_handshake_poll
 .text.bflb_eflash_loader_jlink_recv
                0x0000000022012146       0x92 out/ChipTest/Eflash_Loader/bflb_eflash_loader_jlink.o
                0x0000000022012146                bflb_eflash_loader_jlink_recv
 .text.bflb_eflash_loader_jlink_send
                0x00000000220121d8       0x44 out/ChipTest/Eflash_Loader/bflb_eflash_loader_jlink.o
                0x00000000220121d8                bflb_eflash_loader_jlink_send
 .text.bflb_eflash_loader_jlink_wait_tx_idle
                0x000000002201221c        0x4 out/ChipTest/Eflash_Loader/bflb_eflash_loader_jlink.o
                0x000000002201221c                bflb_eflash_loader_jlink_wait_tx_idle
 .text.bflb_eflash_loader_jlink_deinit
                0x0000000022012220        0x4 out/ChipTest/Eflash_Loader/bflb_eflash_loader_jlink.o
                0x0000000022012220                bflb_eflash_loader_jlink_deinit
 .text.bflb_eflash_loader_usart_if_init
                0x0000000022012224       0xb8 out/ChipTest/Eflash_Loader/bflb_eflash_loader_uart.o
 .text.uart_if_rto_cbf
                0x00000000220122dc       0x4e out/ChipTest/Eflash_Loader/bflb_eflash_loader_uart.o
 .text.uart_if_rda_cbf
                0x000000002201232a        0x2 out/ChipTest/Eflash_Loader/bflb_eflash_loader_uart.o
 .text.bflb_eflash_loader_usart_if_receive.isra.0
                0x000000002201232c       0x9e out/ChipTest/Eflash_Loader/bflb_eflash_loader_uart.o
 .text.bflb_eflash_loader_uart_init
                0x00000000220123ca       0x7e out/ChipTest/Eflash_Loader/bflb_eflash_loader_uart.o
                0x00000000220123ca                bflb_eflash_loader_uart_init
 .text.bflb_eflash_loader_uart_handshake_poll
                0x0000000022012448      0x12c out/ChipTest/Eflash_Loader/bflb_eflash_loader_uart.o
                0x0000000022012448                bflb_eflash_loader_uart_handshake_poll
 .text.bflb_eflash_loader_uart_recv
                0x0000000022012574        0x8 out/ChipTest/Eflash_Loader/bflb_eflash_loader_uart.o
                0x0000000022012574                bflb_eflash_loader_uart_recv
 .text.bflb_eflash_loader_uart_send
                0x000000002201257c       0x16 out/ChipTest/Eflash_Loader/bflb_eflash_loader_uart.o
                0x000000002201257c                bflb_eflash_loader_uart_send
 .text.bflb_eflash_loader_usart_wait_tx_idle
                0x0000000022012592       0x10 out/ChipTest/Eflash_Loader/bflb_eflash_loader_uart.o
                0x0000000022012592                bflb_eflash_loader_usart_wait_tx_idle
 .text.bflb_eflash_loader_uart_deinit
                0x00000000220125a2        0x4 out/ChipTest/Eflash_Loader/bflb_eflash_loader_uart.o
                0x00000000220125a2                bflb_eflash_loader_uart_deinit
 .text.bflb_eflash_loader_sdio_init
                0x00000000220125a6        0x4 out/ChipTest/Eflash_Loader/bflb_eflash_loader_sdio.o
                0x00000000220125a6                bflb_eflash_loader_sdio_init
 .text.bflb_eflash_loader_sdio_handshake_poll
                0x00000000220125aa       0x1e out/ChipTest/Eflash_Loader/bflb_eflash_loader_sdio.o
                0x00000000220125aa                bflb_eflash_loader_sdio_handshake_poll
 .text.bflb_eflash_loader_sdio_recv
                0x00000000220125c8       0x34 out/ChipTest/Eflash_Loader/bflb_eflash_loader_sdio.o
                0x00000000220125c8                bflb_eflash_loader_sdio_recv
 .text.bflb_eflash_loader_sdio_send
                0x00000000220125fc       0x10 out/ChipTest/Eflash_Loader/bflb_eflash_loader_sdio.o
                0x00000000220125fc                bflb_eflash_loader_sdio_send
 .text.bflb_eflash_loader_sdio_wait_tx_idle
                0x000000002201260c        0x4 out/ChipTest/Eflash_Loader/bflb_eflash_loader_sdio.o
                0x000000002201260c                bflb_eflash_loader_sdio_wait_tx_idle
 .text.bflb_eflash_loader_sdio_deinit
                0x0000000022012610        0x4 out/ChipTest/Eflash_Loader/bflb_eflash_loader_sdio.o
                0x0000000022012610                bflb_eflash_loader_sdio_deinit
 .text.bflb_eflash_loader_clk_set_from_user
                0x0000000022012614       0xe0 out/ChipTest/Eflash_Loader/bflb_eflash_loader_boot.o
                0x0000000022012614                bflb_eflash_loader_clk_set_from_user
 .text.bflb_eflash_loader_parse_bootheader
                0x00000000220126f4      0x1a6 out/ChipTest/Eflash_Loader/bflb_eflash_loader_boot.o
                0x00000000220126f4                bflb_eflash_loader_parse_bootheader
 .text.bflb_eflash_loader_boot_pre_jump
                0x000000002201289a       0x38 out/ChipTest/Eflash_Loader/bflb_eflash_loader_boot.o
                0x000000002201289a                bflb_eflash_loader_boot_pre_jump
 .text.bflb_eflash_loader_boot
                0x00000000220128d2       0x4e out/ChipTest/Eflash_Loader/bflb_eflash_loader_boot.o
                0x00000000220128d2                bflb_eflash_loader_boot
 .text.bflb_eflash_loader_boot_main
                0x0000000022012920       0xca out/ChipTest/Eflash_Loader/bflb_eflash_loader_boot.o
                0x0000000022012920                bflb_eflash_loader_boot_main
 .text.bflb_eflash_loader_cache_enable
                0x00000000220129ea       0x9a out/ChipTest/Eflash_Loader/bflb_spi_flash.o
                0x00000000220129ea                bflb_eflash_loader_cache_enable
 .text.bflb_spi_flash_update_para
                0x0000000022012a84       0x1a out/ChipTest/Eflash_Loader/bflb_spi_flash.o
                0x0000000022012a84                bflb_spi_flash_update_para
 .text.bflb_spi_flash_xip_read_init
                0x0000000022012a9e       0x5e out/ChipTest/Eflash_Loader/bflb_spi_flash.o
                0x0000000022012a9e                bflb_spi_flash_xip_read_init
 .text.bflb_spi_flash_xip_read_exit
                0x0000000022012afc       0x26 out/ChipTest/Eflash_Loader/bflb_spi_flash.o
                0x0000000022012afc                bflb_spi_flash_xip_read_exit
 .text.bflb_spi_flash_set_io_mode
                0x0000000022012b22        0x6 out/ChipTest/Eflash_Loader/bflb_spi_flash.o
                0x0000000022012b22                bflb_spi_flash_set_io_mode
 .text.bflb_spi_flash_read_jedec_id
                0x0000000022012b28       0x40 out/ChipTest/Eflash_Loader/bflb_spi_flash.o
                0x0000000022012b28                bflb_spi_flash_read_jedec_id
 .text.bflb_spi_flash_read_status_reg_with_cmd
                0x0000000022012b68        0xe out/ChipTest/Eflash_Loader/bflb_spi_flash.o
                0x0000000022012b68                bflb_spi_flash_read_status_reg_with_cmd
 .text.bflb_spi_flash_write_status_reg_with_cmd
                0x0000000022012b76       0x46 out/ChipTest/Eflash_Loader/bflb_spi_flash.o
                0x0000000022012b76                bflb_spi_flash_write_status_reg_with_cmd
 .text.bflb_spi_flash_erase
                0x0000000022012bbc       0x22 out/ChipTest/Eflash_Loader/bflb_spi_flash.o
                0x0000000022012bbc                bflb_spi_flash_erase
 .text.bflb_spi_flash_chiperase
                0x0000000022012bde       0x1e out/ChipTest/Eflash_Loader/bflb_spi_flash.o
                0x0000000022012bde                bflb_spi_flash_chiperase
 .text.bflb_spi_flash_program
                0x0000000022012bfc       0x26 out/ChipTest/Eflash_Loader/bflb_spi_flash.o
                0x0000000022012bfc                bflb_spi_flash_program
 .text.bflb_spi_flash_read_sahb
                0x0000000022012c22       0x24 out/ChipTest/Eflash_Loader/bflb_spi_flash.o
                0x0000000022012c22                bflb_spi_flash_read_sahb
 .text.bflb_spi_flash_read_xip
                0x0000000022012c46       0x32 out/ChipTest/Eflash_Loader/bflb_spi_flash.o
                0x0000000022012c46                bflb_spi_flash_read_xip
 .text.bflb_spi_flash_read
                0x0000000022012c78       0x1e out/ChipTest/Eflash_Loader/bflb_spi_flash.o
                0x0000000022012c78                bflb_spi_flash_read
 .text.bflb_clear_flash_status_register
                0x0000000022012c96       0x66 out/ChipTest/Eflash_Loader/bflb_spi_flash.o
                0x0000000022012c96                bflb_clear_flash_status_register
 .text.bflb_spi_flash_init
                0x0000000022012cfc      0x104 out/ChipTest/Eflash_Loader/bflb_spi_flash.o
                0x0000000022012cfc                bflb_spi_flash_init
 .text.bflb_efuse_write
                0x0000000022012e00       0x56 out/ChipTest/Eflash_Loader/bflb_efuse.o
                0x0000000022012e00                bflb_efuse_write
 .text.bflb_efuse_read
                0x0000000022012e56       0x2c out/ChipTest/Eflash_Loader/bflb_efuse.o
                0x0000000022012e56                bflb_efuse_read
 .text.xz_BSP_init
                0x0000000022012e82        0x2 out/ChipTest/Eflash_Loader/bflb_eflash_loader_cfg.o
                0x0000000022012e82                xz_BSP_init
 .text.xz_BSP_get_dict_buffer
                0x0000000022012e84        0x6 out/ChipTest/Eflash_Loader/bflb_eflash_loader_cfg.o
                0x0000000022012e84                xz_BSP_get_dict_buffer
 .text.xz_BSP_get_work_buffer
                0x0000000022012e8a        0x6 out/ChipTest/Eflash_Loader/bflb_eflash_loader_cfg.o
                0x0000000022012e8a                xz_BSP_get_work_buffer
 .text.xz_BSP_get_output_size
                0x0000000022012e90        0x4 out/ChipTest/Eflash_Loader/bflb_eflash_loader_cfg.o
                0x0000000022012e90                xz_BSP_get_output_size
 .text.bflb_set_high_speed_system_clock
                0x0000000022012e94        0x6 out/ChipTest/Eflash_Loader/bflb_set_clock.o
                0x0000000022012e94                bflb_set_high_speed_system_clock
 .text.bflb_set_high_speed_flash_clock
                0x0000000022012e9a        0xa out/ChipTest/Eflash_Loader/bflb_set_clock.o
                0x0000000022012e9a                bflb_set_high_speed_flash_clock
 .text.bflb_set_low_speed_flash_clock
                0x0000000022012ea4        0xa out/ChipTest/Eflash_Loader/bflb_set_clock.o
                0x0000000022012ea4                bflb_set_low_speed_flash_clock
 .text.bflb_set_flash_clock_div
                0x0000000022012eae        0xa out/ChipTest/Eflash_Loader/bflb_set_clock.o
                0x0000000022012eae                bflb_set_flash_clock_div
 .text.sdu_init
                0x0000000022012eb8       0x12 out/ChipTest/Eflash_Loader/sdu.o
                0x0000000022012eb8                sdu_init
 .text.sdu_host_check
                0x0000000022012eca      0x160 out/ChipTest/Eflash_Loader/sdu.o
                0x0000000022012eca                sdu_host_check
 .text.sdu_deinit
                0x000000002201302a       0x1e out/ChipTest/Eflash_Loader/sdu.o
                0x000000002201302a                sdu_deinit
 .text.sdu_receive_data
                0x0000000022013048      0x16c out/ChipTest/Eflash_Loader/sdu.o
                0x0000000022013048                sdu_receive_data
 .text.sdu_send_data
                0x00000000220131b4      0x124 out/ChipTest/Eflash_Loader/sdu.o
                0x00000000220131b4                sdu_send_data
 .text.memcpy   0x00000000220132d8       0x18 out/BSP_Common/libc/memcpy.o
                0x00000000220132d8                memcpy
 .text.memset   0x00000000220132f0       0x18 out/BSP_Common/libc/memset.o
                0x00000000220132f0                memset
 .text.memcmp   0x0000000022013308       0x1e out/BSP_Common/libc/memcmp.o
                0x0000000022013308                memcmp
 .text.vsnprintf
                0x0000000022013326      0xad8 out/BSP_Common/libc/vsnprintf.o
                0x0000000022013326                vsnprintf
 .text.strlen   0x0000000022013dfe       0x1a out/BSP_Common/libc/strlen.o
                0x0000000022013dfe                strlen
 .text.xz_crc32_init
                0x0000000022013e18        0x2 out/BSP_Common/xz/xz_crc32.o
                0x0000000022013e18                xz_crc32_init
 .text.xz_crc32
                0x0000000022013e1a       0x34 out/BSP_Common/xz/xz_crc32.o
                0x0000000022013e1a                xz_crc32
 .text.lzma_len
                0x0000000022013e4e      0x17c out/BSP_Common/xz/xz_dec_lzma2.o
 .text.dict_repeat.part.1
                0x0000000022013fca       0x64 out/BSP_Common/xz/xz_dec_lzma2.o
 .text.lzma_main
                0x000000002201402e      0x752 out/BSP_Common/xz/xz_dec_lzma2.o
 .text.xz_dec_lzma2_run
                0x0000000022014780      0x624 out/BSP_Common/xz/xz_dec_lzma2.o
                0x0000000022014780                xz_dec_lzma2_run
 .text.xz_dec_lzma2_create
                0x0000000022014da4       0x68 out/BSP_Common/xz/xz_dec_lzma2.o
                0x0000000022014da4                xz_dec_lzma2_create
 .text.xz_dec_lzma2_reset
                0x0000000022014e0c       0x78 out/BSP_Common/xz/xz_dec_lzma2.o
                0x0000000022014e0c                xz_dec_lzma2_reset
 .text.xz_dec_lzma2_end
                0x0000000022014e84       0x2c out/BSP_Common/xz/xz_dec_lzma2.o
                0x0000000022014e84                xz_dec_lzma2_end
 .text.fill_temp
                0x0000000022014eb0       0x72 out/BSP_Common/xz/xz_dec_stream.o
 .text.dec_vli.isra.0
                0x0000000022014f22       0x98 out/BSP_Common/xz/xz_dec_stream.o
 .text.index_update.isra.2
                0x0000000022014fba       0x36 out/BSP_Common/xz/xz_dec_stream.o
 .text.xz_dec_reset
                0x0000000022014ff0       0x46 out/BSP_Common/xz/xz_dec_stream.o
                0x0000000022014ff0                xz_dec_reset
 .text.xz_dec_run
                0x0000000022015036      0x794 out/BSP_Common/xz/xz_dec_stream.o
                0x0000000022015036                xz_dec_run
 .text.xz_dec_init
                0x00000000220157ca       0x46 out/BSP_Common/xz/xz_dec_stream.o
                0x00000000220157ca                xz_dec_init
 .text.xz_dec_end
                0x0000000022015810       0x1e out/BSP_Common/xz/xz_dec_stream.o
                0x0000000022015810                xz_dec_end
 .text.simple_malloc_init
                0x000000002201582e       0x1a out/BSP_Common/xz/xz_port.o
                0x000000002201582e                simple_malloc_init
 .text.simple_malloc
                0x0000000022015848       0x44 out/BSP_Common/xz/xz_port.o
                0x0000000022015848                simple_malloc
 .text.simple_free
                0x000000002201588c        0xe out/BSP_Common/xz/xz_port.o
                0x000000002201588c                simple_free
 .text.SystemInit
                0x000000002201589a       0xac out/startup/system_bl602.o
                0x000000002201589a                SystemInit
 .text.start_load
                0x0000000022015946      0x126 out/startup/GCC/start_load.o
                0x0000000022015946                start_load
 .text.Interrupt_Handler_Stub
                0x0000000022015a6c       0x9a out/startup/interrupt.o
                0x0000000022015a6c                SDIO_IRQHandler_Wrapper
                0x0000000022015a6c                TIMER_WDT_IRQHandler_Wrapper
                0x0000000022015a6c                GPIO_INT0_IRQHandler_Wrapper
                0x0000000022015a6c                SEC_PKA_IRQHandler_Wrapper
                0x0000000022015a6c                SEC_TRNG_IRQHandler_Wrapper
                0x0000000022015a6c                MAC_GEN_IRQHandler_Wrapper
                0x0000000022015a6c                DMA_BMX_ERR_IRQHandler_Wrapper
                0x0000000022015a6c                EFUSE_IRQHandler_Wrapper
                0x0000000022015a6c                WIFI_IRQHandler_Wrapper
                0x0000000022015a6c                SEC_CDET_IRQHandler_Wrapper
                0x0000000022015a6c                SEC_AES_IRQHandler_Wrapper
                0x0000000022015a6c                PWM_IRQHandler_Wrapper
                0x0000000022015a6c                RF_TOP_INT1_IRQHandler_Wrapper
                0x0000000022015a6c                HBN_OUT0_IRQHandler_Wrapper
                0x0000000022015a6c                SF_CTRL_IRQHandler_Wrapper
                0x0000000022015a6c                TIMER_CH0_IRQHandler_Wrapper
                0x0000000022015a6c                clic_mext_handler_Wrapper
                0x0000000022015a6c                MAC_TXRX_TIMER_IRQHandler_Wrapper
                0x0000000022015a6c                Interrupt_Handler_Stub
                0x0000000022015a6c                clic_csoft_handler_Wrapper
                0x0000000022015a6c                I2C_IRQHandler_Wrapper
                0x0000000022015a6c                SPI_IRQHandler_Wrapper
                0x0000000022015a6c                MAC_PORT_TRG_IRQHandler_Wrapper
                0x0000000022015a6c                PDS_WAKEUP_IRQHandler_Wrapper
                0x0000000022015a6c                clic_mtimer_handler_Wrapper
                0x0000000022015a6c                L1C_BMX_ERR_IRQHandler_Wrapper
                0x0000000022015a6c                SEC_BMX_ERR_IRQHandler_Wrapper
                0x0000000022015a6c                MAC_RX_TRG_IRQHandler_Wrapper
                0x0000000022015a6c                MAC_TX_TRG_IRQHandler_Wrapper
                0x0000000022015a6c                HBN_OUT1_IRQHandler_Wrapper
                0x0000000022015a6c                SEC_GMAC_IRQHandler_Wrapper
                0x0000000022015a6c                clic_msip_handler_Wrapper
                0x0000000022015a6c                UART1_IRQHandler_Wrapper
                0x0000000022015a6c                GPADC_DMA_IRQHandler_Wrapper
                0x0000000022015a6c                MAC_TXRX_MISC_IRQHandler_Wrapper
                0x0000000022015a6c                DMA_ALL_IRQHandler_Wrapper
                0x0000000022015a6c                BLE_IRQHandler_Wrapper
                0x0000000022015a6c                SEC_SHA_IRQHandler_Wrapper
                0x0000000022015a6c                IRRX_IRQHandler_Wrapper
                0x0000000022015a6c                BMX_TO_IRQHandler_Wrapper
                0x0000000022015a6c                TIMER_CH1_IRQHandler_Wrapper
                0x0000000022015a6c                UART0_IRQHandler_Wrapper
                0x0000000022015a6c                BMX_ERR_IRQHandler_Wrapper
                0x0000000022015a6c                WIFI_IPC_PUBLIC_IRQHandler_Wrapper
                0x0000000022015a6c                L1C_BMX_TO_IRQHandler_Wrapper
                0x0000000022015a6c                BZ_PHY_IRQHandler_Wrapper
                0x0000000022015a6c                RF_TOP_INT0_IRQHandler_Wrapper
                0x0000000022015a6c                IRTX_IRQHandler_Wrapper
                0x0000000022015a6c                BOR_IRQHandler_Wrapper
 *fill*         0x0000000022015b06       0x3a 
 .text.Trap_Handler_Stub
                0x0000000022015b40       0xbc out/startup/interrupt.o
                0x0000000022015b40                Trap_Handler_Stub
 .text.clic_enable_interrupt
                0x0000000022015bfc       0x12 out/startup/interrupt.o
                0x0000000022015bfc                clic_enable_interrupt
 .text.clic_disable_interrupt
                0x0000000022015c0e       0x10 out/startup/interrupt.o
                0x0000000022015c0e                clic_disable_interrupt
 .text.clic_clear_pending
                0x0000000022015c1e        0xc out/startup/interrupt.o
                0x0000000022015c1e                clic_clear_pending
 .text.Trap_Handler
                0x0000000022015c2a      0x126 out/BSP_Driver/BL602_BSP_Driver/StdDriver/bl602_common.o
                0x0000000022015c2a                Trap_Handler
 .text.Interrupt_Handler_Register
                0x0000000022015d50       0x18 out/BSP_Driver/BL602_BSP_Driver/StdDriver/bl602_common.o
                0x0000000022015d50                Interrupt_Handler_Register
 .text.Interrupt_Handler
                0x0000000022015d68       0x9e out/BSP_Driver/BL602_BSP_Driver/StdDriver/bl602_common.o
                0x0000000022015d68                Interrupt_Handler
 .text.UART_IntHandler
                0x0000000022015e06      0x172 out/BSP_Driver/BL602_BSP_Driver/StdDriver/bl602_uart.o
 .text.UART0_IRQHandler
                0x0000000022015f78        0x6 out/BSP_Driver/BL602_BSP_Driver/StdDriver/bl602_uart.o
                0x0000000022015f78                UART0_IRQHandler
 .text.UART1_IRQHandler
                0x0000000022015f7e        0x6 out/BSP_Driver/BL602_BSP_Driver/StdDriver/bl602_uart.o
                0x0000000022015f7e                UART1_IRQHandler
 .text.UART_Init
                0x0000000022015f84      0x11e out/BSP_Driver/BL602_BSP_Driver/StdDriver/bl602_uart.o
                0x0000000022015f84                UART_Init
 .text.UART_FifoConfig
                0x00000000220160a2       0x6a out/BSP_Driver/BL602_BSP_Driver/StdDriver/bl602_uart.o
                0x00000000220160a2                UART_FifoConfig
 .text.UART_Enable
                0x000000002201610c       0x34 out/BSP_Driver/BL602_BSP_Driver/StdDriver/bl602_uart.o
                0x000000002201610c                UART_Enable
 .text.UART_Disable
                0x0000000022016140       0x30 out/BSP_Driver/BL602_BSP_Driver/StdDriver/bl602_uart.o
                0x0000000022016140                UART_Disable
 .text.UART_SetRxTimeoutValue
                0x0000000022016170       0x1e out/BSP_Driver/BL602_BSP_Driver/StdDriver/bl602_uart.o
                0x0000000022016170                UART_SetRxTimeoutValue
 .text.UART_TxFreeRun
                0x000000002201618e       0x28 out/BSP_Driver/BL602_BSP_Driver/StdDriver/bl602_uart.o
                0x000000002201618e                UART_TxFreeRun
 .text.UART_AutoBaudDetection
                0x00000000220161b6       0x28 out/BSP_Driver/BL602_BSP_Driver/StdDriver/bl602_uart.o
                0x00000000220161b6                UART_AutoBaudDetection
 .text.UART_IntMask
                0x00000000220161de       0x48 out/BSP_Driver/BL602_BSP_Driver/StdDriver/bl602_uart.o
                0x00000000220161de                UART_IntMask
 .text.UART_IntClear
                0x0000000022016226       0x2e out/BSP_Driver/BL602_BSP_Driver/StdDriver/bl602_uart.o
                0x0000000022016226                UART_IntClear
 .text.UART_Int_Callback_Install
                0x0000000022016254       0x16 out/BSP_Driver/BL602_BSP_Driver/StdDriver/bl602_uart.o
                0x0000000022016254                UART_Int_Callback_Install
 .text.UART_SendData
                0x000000002201626a       0x50 out/BSP_Driver/BL602_BSP_Driver/StdDriver/bl602_uart.o
                0x000000002201626a                UART_SendData
 .text.UART_ReceiveData
                0x00000000220162ba       0x4e out/BSP_Driver/BL602_BSP_Driver/StdDriver/bl602_uart.o
                0x00000000220162ba                UART_ReceiveData
 .text.UART_GetAutoBaudCount
                0x0000000022016308       0x18 out/BSP_Driver/BL602_BSP_Driver/StdDriver/bl602_uart.o
                0x0000000022016308                UART_GetAutoBaudCount
 .text.UART_GetIntStatus
                0x0000000022016320       0x2e out/BSP_Driver/BL602_BSP_Driver/StdDriver/bl602_uart.o
                0x0000000022016320                UART_GetIntStatus
 .text.UART_GetTxBusBusyStatus
                0x000000002201634e       0x14 out/BSP_Driver/BL602_BSP_Driver/StdDriver/bl602_uart.o
                0x000000002201634e                UART_GetTxBusBusyStatus
 .text.GLB_Set_UART_CLK
                0x0000000022016362       0x3e out/BSP_Driver/BL602_BSP_Driver/StdDriver/bl602_glb.o
                0x0000000022016362                GLB_Set_UART_CLK
 .text.GLB_AHB_Slave1_Reset
                0x00000000220163a0       0x34 out/BSP_Driver/BL602_BSP_Driver/StdDriver/bl602_glb.o
                0x00000000220163a0                GLB_AHB_Slave1_Reset
 .text.GLB_UART_Sig_Swap_Set
                0x00000000220163d4       0x1c out/BSP_Driver/BL602_BSP_Driver/StdDriver/bl602_glb.o
                0x00000000220163d4                GLB_UART_Sig_Swap_Set
 .text.GLB_Set_MTimer_CLK
                0x00000000220163f0       0x4a out/BSP_Driver/BL602_BSP_Driver/StdDriver/bl602_glb.o
                0x00000000220163f0                GLB_Set_MTimer_CLK
 .text.GLB_UART_Fun_Sel
                0x000000002201643a       0x24 out/BSP_Driver/BL602_BSP_Driver/StdDriver/bl602_glb.o
                0x000000002201643a                GLB_UART_Fun_Sel
 .text.GLB_GPIO_Read
                0x000000002201645e       0x20 out/BSP_Driver/BL602_BSP_Driver/StdDriver/bl602_glb.o
                0x000000002201645e                GLB_GPIO_Read
 .text.EF_Ctrl_Read_MAC_Address
                0x000000002201647e       0xb6 out/BSP_Driver/BL602_BSP_Driver/StdDriver/bl602_ef_ctrl.o
                0x000000002201647e                EF_Ctrl_Read_MAC_Address
 .text.EF_Ctrl_Program_Direct_R0
                0x0000000022016534       0x38 out/BSP_Driver/BL602_BSP_Driver/StdDriver/bl602_ef_ctrl.o
                0x0000000022016534                EF_Ctrl_Program_Direct_R0
 .text.EF_Ctrl_Read_Direct_R0
                0x000000002201656c       0x2e out/BSP_Driver/BL602_BSP_Driver/StdDriver/bl602_ef_ctrl.o
                0x000000002201656c                EF_Ctrl_Read_Direct_R0
 .text.HBN_Set_UART_CLK_Sel
                0x000000002201659a       0x14 out/BSP_Driver/BL602_BSP_Driver/StdDriver/bl602_hbn.o
                0x000000002201659a                HBN_Set_UART_CLK_Sel
 .text.HBN_Set_BOR_Cfg
                0x00000000220165ae       0x5c out/BSP_Driver/BL602_BSP_Driver/StdDriver/bl602_hbn.o
                0x00000000220165ae                HBN_Set_BOR_Cfg
 .text.SEC_TRNG_IRQHandler
                0x000000002201660a       0x26 out/BSP_Driver/BL602_BSP_Driver/StdDriver/bl602_sec_eng.o
                0x000000002201660a                SEC_TRNG_IRQHandler
 .text.SEC_SHA_IRQHandler
                0x0000000022016630       0x22 out/BSP_Driver/BL602_BSP_Driver/StdDriver/bl602_sec_eng.o
                0x0000000022016630                SEC_SHA_IRQHandler
 .text.Sec_Eng_SHA256_Update.part.0
                0x0000000022016652      0x17a out/BSP_Driver/BL602_BSP_Driver/StdDriver/bl602_sec_eng.o
 .text.Sec_Eng_SHA256_Init
                0x00000000220167cc       0x60 out/BSP_Driver/BL602_BSP_Driver/StdDriver/bl602_sec_eng.o
                0x00000000220167cc                Sec_Eng_SHA256_Init
 .text.Sec_Eng_SHA_Start
                0x000000002201682c       0x12 out/BSP_Driver/BL602_BSP_Driver/StdDriver/bl602_sec_eng.o
                0x000000002201682c                Sec_Eng_SHA_Start
 .text.Sec_Eng_SHA256_Update
                0x000000002201683e        0xe out/BSP_Driver/BL602_BSP_Driver/StdDriver/bl602_sec_eng.o
                0x000000002201683e                Sec_Eng_SHA256_Update
 .text.Sec_Eng_SHA256_Finish
                0x000000002201684c      0x22a out/BSP_Driver/BL602_BSP_Driver/StdDriver/bl602_sec_eng.o
                0x000000002201684c                Sec_Eng_SHA256_Finish
 .text.Sec_Eng_Trng_Enable
                0x0000000022016a76       0x6a out/BSP_Driver/BL602_BSP_Driver/StdDriver/bl602_sec_eng.o
                0x0000000022016a76                Sec_Eng_Trng_Enable
 .text.Sec_Eng_Trng_Disable
                0x0000000022016ae0       0x14 out/BSP_Driver/BL602_BSP_Driver/StdDriver/bl602_sec_eng.o
                0x0000000022016ae0                Sec_Eng_Trng_Disable
 .text.bflb_platform_uart_dbg_init
                0x0000000022016af4       0x8e out/BSP_Driver/BL602_BSP_Driver/platform_print/platform_device.o
                0x0000000022016af4                bflb_platform_uart_dbg_init
 .text.bflb_platform_get_log
                0x0000000022016b82       0x2c out/BSP_Driver/BL602_BSP_Driver/platform_print/platform_device.o
                0x0000000022016b82                bflb_platform_get_log
 .text.bflb_platform_usart_dbg_send
                0x0000000022016bae       0x52 out/BSP_Driver/BL602_BSP_Driver/platform_print/platform_device.o
                0x0000000022016bae                bflb_platform_usart_dbg_send
 .text.bflb_platform_uart_dbg_deinit
                0x0000000022016c00       0x18 out/BSP_Driver/BL602_BSP_Driver/platform_print/platform_device.o
                0x0000000022016c00                bflb_platform_uart_dbg_deinit
 .text.bflb_platform_printf
                0x0000000022016c18       0x5a out/BSP_Driver/BL602_BSP_Driver/platform_print/platform_device.o
                0x0000000022016c18                bflb_platform_printf
 .text.bflb_platform_clear_time
                0x0000000022016c72       0x12 out/BSP_Driver/BL602_BSP_Driver/platform_print/platform_device.o
                0x0000000022016c72                bflb_platform_clear_time
 .text.bflb_platform_get_time_ms
                0x0000000022016c84       0x88 out/BSP_Driver/BL602_BSP_Driver/platform_print/platform_device.o
                0x0000000022016c84                bflb_platform_get_time_ms
 .text.bflb_platform_init_time
                0x0000000022016d0c       0x2a out/BSP_Driver/BL602_BSP_Driver/platform_print/platform_device.o
                0x0000000022016d0c                bflb_platform_init_time
 .text.bflb_platform_delay_ms
                0x0000000022016d36       0x66 out/BSP_Driver/BL602_BSP_Driver/platform_print/platform_device.o
                0x0000000022016d36                bflb_platform_delay_ms
 .text.bflb_platform_init
                0x0000000022016d9c       0x60 out/BSP_Driver/BL602_BSP_Driver/platform_print/platform_device.o
                0x0000000022016d9c                bflb_platform_init
 .text.bflb_platform_deinit
                0x0000000022016dfc       0x42 out/BSP_Driver/BL602_BSP_Driver/platform_print/platform_device.o
                0x0000000022016dfc                bflb_platform_deinit
 .text.bflb_platform_init_uart_debug_gpio
                0x0000000022016e3e       0x2e out/BSP_Driver/BL602_BSP_Driver/platform_print/platform_gpio.o
                0x0000000022016e3e                bflb_platform_init_uart_debug_gpio
 .text.bflb_platform_deinit_uart_debug_gpio
                0x0000000022016e6c       0x30 out/BSP_Driver/BL602_BSP_Driver/platform_print/platform_gpio.o
                0x0000000022016e6c                bflb_platform_deinit_uart_debug_gpio
 *(.rodata)
 *fill*         0x0000000022016e9c        0x0 
 .rodata        0x0000000022016e9c       0x10 out/BSP_Driver/BL602_BSP_Driver/platform_print/platform_device.o
 .rodata        0x0000000022016eac      0x100 /mnt/d/workspace/tools/toolchain/riscv64-elf-x86_64-20200720/bin/../lib/gcc/riscv64-unknown-elf/8.1.0/rv32imafc/ilp32f/libgcc.a(_clz.o)
                0x0000000022016eac                __clz_tab
 *(.rodata.*)
 .rodata.main.str1.4
                0x0000000022016fac       0xe6 out/ChipTest/Eflash_Loader/main.o
                                         0xea (size before relaxing)
 *fill*         0x0000000022017092        0x2 
 .rodata.bflb_eflash_loader_cmd_erase_flash.str1.4
                0x0000000022017094        0x3 out/ChipTest/Eflash_Loader/bflb_eflash_loader_cmds.o
 *fill*         0x0000000022017097        0x1 
 .rodata.bflb_eflash_loader_cmd_flash_boot.str1.4
                0x0000000022017098        0x4 out/ChipTest/Eflash_Loader/bflb_eflash_loader_cmds.o
 .rodata.bflb_eflash_loader_cmd_flash_chip_erase.str1.4
                0x000000002201709c        0x4 out/ChipTest/Eflash_Loader/bflb_eflash_loader_cmds.o
                                          0xa (size before relaxing)
 .rodata.bflb_eflash_loader_cmd_readSha_flash.str1.4
                0x00000000220170a0        0x6 out/ChipTest/Eflash_Loader/bflb_eflash_loader_cmds.o
 *fill*         0x00000000220170a6        0x2 
 .rodata.bflb_eflash_loader_cmd_read_efuse.str1.4
                0x00000000220170a8        0x3 out/ChipTest/Eflash_Loader/bflb_eflash_loader_cmds.o
 *fill*         0x00000000220170ab        0x1 
 .rodata.bflb_eflash_loader_cmd_read_jedec_id.str1.4
                0x00000000220170ac        0x5 out/ChipTest/Eflash_Loader/bflb_eflash_loader_cmds.o
 *fill*         0x00000000220170b1        0x3 
 .rodata.bflb_eflash_loader_cmd_read_log.str1.4
                0x00000000220170b4        0x4 out/ChipTest/Eflash_Loader/bflb_eflash_loader_cmds.o
 .rodata.bflb_eflash_loader_cmd_read_mac_addr.str1.4
                0x00000000220170b8        0x5 out/ChipTest/Eflash_Loader/bflb_eflash_loader_cmds.o
 *fill*         0x00000000220170bd        0x3 
 .rodata.bflb_eflash_loader_cmd_read_mem.str1.4
                0x00000000220170c0        0x4 out/ChipTest/Eflash_Loader/bflb_eflash_loader_cmds.o
 .rodata.bflb_eflash_loader_cmd_read_status_register.str1.4
                0x00000000220170c4        0x5 out/ChipTest/Eflash_Loader/bflb_eflash_loader_cmds.o
 *fill*         0x00000000220170c9        0x3 
 .rodata.bflb_eflash_loader_cmd_reset.str1.4
                0x00000000220170cc        0x5 out/ChipTest/Eflash_Loader/bflb_eflash_loader_cmds.o
 *fill*         0x00000000220170d1        0x3 
 .rodata.bflb_eflash_loader_cmd_set_flash_para.str1.4
                0x00000000220170d4        0x9 out/ChipTest/Eflash_Loader/bflb_eflash_loader_cmds.o
 *fill*         0x00000000220170dd        0x3 
 .rodata.bflb_eflash_loader_cmd_write_efuse.str1.4
                0x00000000220170e0        0x3 out/ChipTest/Eflash_Loader/bflb_eflash_loader_cmds.o
 *fill*         0x00000000220170e3        0x1 
 .rodata.bflb_eflash_loader_cmd_write_flash_check.str1.4
                0x00000000220170e4        0x4 out/ChipTest/Eflash_Loader/bflb_eflash_loader_cmds.o
 .rodata.bflb_eflash_loader_cmd_write_flash_with_decompress.str1.4
                0x00000000220170e8        0xd out/ChipTest/Eflash_Loader/bflb_eflash_loader_cmds.o
 *fill*         0x00000000220170f5        0x3 
 .rodata.bflb_eflash_loader_cmd_write_mem.str1.4
                0x00000000220170f8        0x4 out/ChipTest/Eflash_Loader/bflb_eflash_loader_cmds.o
 .rodata.bflb_eflash_loader_cmd_write_status_register.str1.4
                0x00000000220170fc        0x5 out/ChipTest/Eflash_Loader/bflb_eflash_loader_cmds.o
 *fill*         0x0000000022017101        0x3 
 .rodata.bflb_eflash_loader_cmd_xip_readSha_flash.str1.4
                0x0000000022017104        0x7 out/ChipTest/Eflash_Loader/bflb_eflash_loader_cmds.o
                                          0xb (size before relaxing)
 *fill*         0x000000002201710b        0x1 
 .rodata.bflb_eflash_loader_cmd_xip_read_flash.str1.4
                0x000000002201710c        0x4 out/ChipTest/Eflash_Loader/bflb_eflash_loader_cmds.o
 .rodata.bflb_eflash_loader_cmd_xip_read_flash_finish.str1.4
                0x0000000022017110        0x6 out/ChipTest/Eflash_Loader/bflb_eflash_loader_cmds.o
 *fill*         0x0000000022017116        0x2 
 .rodata.bflb_eflash_loader_cmd_xip_read_flash_start.str1.4
                0x0000000022017118        0x5 out/ChipTest/Eflash_Loader/bflb_eflash_loader_cmds.o
 *fill*         0x000000002201711d        0x3 
 .rodata.eflash_loader_cmds
                0x0000000022017120       0xb8 out/ChipTest/Eflash_Loader/bflb_eflash_loader_cmds.o
 .rodata.bflb_eflash_loader_main.str1.4
                0x00000000220171d8       0x2e out/ChipTest/Eflash_Loader/bflb_eflash_loader_interface.o
 .rodata.eflash_loader_dump_data.str1.4
                0x0000000022017206       0x2e out/ChipTest/Eflash_Loader/bflb_eflash_loader_interface.o
                                          0x2 (size before relaxing)
 *fill*         0x0000000022017206        0x2 
 .rodata.bflb_eflash_loader_jlink_handshake_poll.str1.4
                0x0000000022017208        0x7 out/ChipTest/Eflash_Loader/bflb_eflash_loader_jlink.o
 *fill*         0x000000002201720f        0x1 
 .rodata.bflb_eflash_loader_uart_handshake_poll.str1.4
                0x0000000022017210       0x10 out/ChipTest/Eflash_Loader/bflb_eflash_loader_uart.o
                                         0x14 (size before relaxing)
 .rodata.bflb_eflash_loader_boot_main.str1.4
                0x0000000022017220       0x13 out/ChipTest/Eflash_Loader/bflb_eflash_loader_boot.o
 *fill*         0x0000000022017233        0x1 
 .rodata.bflb_eflash_loader_parse_bootheader.str1.4
                0x0000000022017234       0x2b out/ChipTest/Eflash_Loader/bflb_eflash_loader_boot.o
 *fill*         0x000000002201725f        0x1 
 .rodata.bflb_eflash_loader_cache_enable.str1.4
                0x0000000022017260        0xf out/ChipTest/Eflash_Loader/bflb_spi_flash.o
 *fill*         0x000000002201726f        0x1 
 .rodata.bflb_spi_flash_init.str1.4
                0x0000000022017270       0x31 out/ChipTest/Eflash_Loader/bflb_spi_flash.o
 *fill*         0x00000000220172a1        0x3 
 .rodata.bflb_spi_flash_xip_read_init.str1.4
                0x00000000220172a4        0xa out/ChipTest/Eflash_Loader/bflb_spi_flash.o
 *fill*         0x00000000220172ae        0x2 
 .rodata.sdu_host_check.str1.4
                0x00000000220172b0       0x12 out/ChipTest/Eflash_Loader/sdu.o
 *fill*         0x00000000220172c2        0x2 
 .rodata.sdu_send_data.str1.4
                0x00000000220172c4       0x13 out/ChipTest/Eflash_Loader/sdu.o
 *fill*         0x00000000220172d7        0x1 
 .rodata.lcdigits.1559
                0x00000000220172d8       0x11 out/BSP_Common/libc/vsnprintf.o
 *fill*         0x00000000220172e9        0x3 
 .rodata.ucdigits.1560
                0x00000000220172ec       0x11 out/BSP_Common/libc/vsnprintf.o
 *fill*         0x00000000220172fd        0x3 
 .rodata.vsnprintf.str1.4
                0x0000000022017300        0x7 out/BSP_Common/libc/vsnprintf.o
 *fill*         0x0000000022017307        0x1 
 .rodata.crc32Tab
                0x0000000022017308      0x400 out/BSP_Common/soft_crc/softcrc.o
                0x0000000022017308                crc32Tab
 .rodata.xz_dec_run.str1.4
                0x0000000022017708        0xb out/BSP_Common/xz/xz_dec_stream.o
 *fill*         0x0000000022017713        0x1 
 .rodata.simple_free.str1.4
                0x0000000022017714       0x13 out/BSP_Common/xz/xz_port.o
 *fill*         0x0000000022017727        0x1 
 .rodata.simple_malloc.str1.4
                0x0000000022017728       0x13 out/BSP_Common/xz/xz_port.o
 *fill*         0x000000002201773b        0x1 
 .rodata.Interrupt_Handler.str1.4
                0x000000002201773c       0x8a out/BSP_Driver/BL602_BSP_Driver/StdDriver/bl602_common.o
 *fill*         0x00000000220177c6        0x2 
 .rodata.Trap_Handler.str1.4
                0x00000000220177c8      0x13b out/BSP_Driver/BL602_BSP_Driver/StdDriver/bl602_common.o
 *fill*         0x0000000022017903        0x1 
 .rodata.uartAddr
                0x0000000022017904        0x8 out/BSP_Driver/BL602_BSP_Driver/StdDriver/bl602_uart.o
 .rodata.str1.4
                0x000000002201790c        0x5 out/BSP_Driver/BL602_BSP_Driver/StdDriver/bl602_sf_cfg_ext.o
 *fill*         0x0000000022017911        0x3 
 .rodata.bflb_platform_init.str1.4
                0x0000000022017914       0x14 out/BSP_Driver/BL602_BSP_Driver/platform_print/platform_device.o
                                         0x13 (size before relaxing)
 *(.srodata)
 .srodata       0x0000000022017928        0x4 out/startup/system_bl602.o
 .srodata       0x000000002201792c        0x4 out/BSP_Driver/BL602_BSP_Driver/platform_print/platform_device.o
 *(.srodata.*)
 *(.tcm_code)
 .tcm_code      0x0000000022017930      0x1f2 out/BSP_Driver/BL602_BSP_Driver/StdDriver/bl602_glb.o
                0x0000000022017930                GLB_GPIO_Init
                0x0000000022017a60                GLB_GPIO_INPUT_Enable
                0x0000000022017a8a                GLB_GPIO_INPUT_Disable
                0x0000000022017ab4                GLB_GPIO_Set_PullUp
                0x0000000022017aec                GLB_GPIO_Set_PullDown
 .tcm_code      0x0000000022017b22      0x546 out/BSP_Driver/BL602_BSP_Driver/StdDriver/bl602_romapi.o
                0x0000000022017b22                AON_Power_On_BG
                0x0000000022017b2c                AON_Power_Off_BG
                0x0000000022017b36                AON_Power_On_LDO11_SOC
                0x0000000022017b40                AON_Power_Off_LDO11_SOC
                0x0000000022017b4a                AON_Power_On_LDO15_RF
                0x0000000022017b54                AON_Power_Off_LDO15_RF
                0x0000000022017b5e                AON_Power_On_SFReg
                0x0000000022017b68                AON_Power_Off_SFReg
                0x0000000022017b72                AON_LowPower_Enter_PDS0
                0x0000000022017b7c                AON_LowPower_Exit_PDS0
                0x0000000022017b86                ASM_Delay_Us
                0x0000000022017b90                BL602_Delay_US
                0x0000000022017b9a                BL602_Delay_MS
                0x0000000022017ba4                BL602_MemCpy
                0x0000000022017bae                BL602_MemCpy4
                0x0000000022017bb8                BL602_MemCpy_Fast
                0x0000000022017bc2                BL602_MemSet
                0x0000000022017bcc                BL602_MemSet4
                0x0000000022017bd6                BL602_MemCmp
                0x0000000022017be0                EF_Ctrl_Sw_AHB_Clk_0
                0x0000000022017bea                EF_Ctrl_Program_Efuse_0
                0x0000000022017bf4                EF_Ctrl_Load_Efuse_R0
                0x0000000022017bfe                EF_Ctrl_Busy
                0x0000000022017c08                EF_Ctrl_AutoLoad_Done
                0x0000000022017c12                EF_Ctrl_Clear
                0x0000000022017c1c                GLB_SW_System_Reset
                0x0000000022017c26                GLB_SW_CPU_Reset
                0x0000000022017c30                GLB_SW_POR_Reset
                0x0000000022017c3a                GLB_Select_Internal_Flash
                0x0000000022017c44                GLB_Select_External_Flash
                0x0000000022017c4e                GLB_Deswap_Flash_Pin
                0x0000000022017c58                GLB_Swap_Flash_Pin
                0x0000000022017c62                GLB_GPIO_OUTPUT_Enable
                0x0000000022017c6c                GLB_GPIO_OUTPUT_Disable
                0x0000000022017c76                GLB_GPIO_Set_HZ
                0x0000000022017c80                GLB_GPIO_Get_Fun
                0x0000000022017c8a                HBN_Power_Down_Flash
                0x0000000022017c94                HBN_Enable
                0x0000000022017c9e                HBN_Reset
                0x0000000022017ca8                HBN_Set_Ldo11_Aon_Vout
                0x0000000022017cb2                HBN_Set_Ldo11_Rt_Vout
                0x0000000022017cbc                HBN_Set_Ldo11_Soc_Vout
                0x0000000022017cc6                HBN_Hw_Pu_Pd_Cfg
                0x0000000022017cd0                HBN_Pin_WakeUp_Mask
                0x0000000022017cda                HBN_GPIO7_Dbg_Pull_Cfg
                0x0000000022017ce4                HBN_Set_Embedded_Flash_Pullup
                0x0000000022017cee                L1C_Set_Wrap
                0x0000000022017cf8                L1C_Set_Way_Disable
                0x0000000022017d02                L1C_IROM_2T_Access_Set
                0x0000000022017d0c                PDS_Reset
                0x0000000022017d16                PDS_Enable
                0x0000000022017d20                PDS_Force_Config
                0x0000000022017d2a                PDS_RAM_Config
                0x0000000022017d34                PDS_Default_Level_Config
                0x0000000022017d3e                SEC_Eng_Turn_On_Sec_Ring
                0x0000000022017d48                SEC_Eng_Turn_Off_Sec_Ring
                0x0000000022017d52                SFlash_Init
                0x0000000022017d5c                SFlash_SetSPIMode
                0x0000000022017d66                SFlash_Read_Reg
                0x0000000022017d70                SFlash_Write_Reg
                0x0000000022017d7a                SFlash_Busy
                0x0000000022017d84                SFlash_Write_Enable
                0x0000000022017d8e                SFlash_Qspi_Enable
                0x0000000022017d98                SFlash_Volatile_Reg_Write_Enable
                0x0000000022017da2                SFlash_Chip_Erase
                0x0000000022017dac                SFlash_Sector_Erase
                0x0000000022017db6                SFlash_Blk32_Erase
                0x0000000022017dc0                SFlash_Blk64_Erase
                0x0000000022017dca                SFlash_Erase
                0x0000000022017dd4                SFlash_Program
                0x0000000022017dde                SFlash_GetUniqueId
                0x0000000022017de8                SFlash_GetJedecId
                0x0000000022017df2                SFlash_GetDeviceId
                0x0000000022017dfc                SFlash_Powerdown
                0x0000000022017e06                SFlash_Releae_Powerdown
                0x0000000022017e10                SFlash_SetBurstWrap
                0x0000000022017e1a                SFlash_DisableBurstWrap
                0x0000000022017e24                SFlash_Software_Reset
                0x0000000022017e2e                SFlash_Reset_Continue_Read
                0x0000000022017e38                SFlash_Set_IDbus_Cfg
                0x0000000022017e42                SFlash_IDbus_Read_Enable
                0x0000000022017e4c                SFlash_Cache_Enable_Set
                0x0000000022017e56                SFlash_Cache_Flush
                0x0000000022017e60                SFlash_Cache_Read_Enable
                0x0000000022017e6a                SFlash_Cache_Hit_Count_Get
                0x0000000022017e74                SFlash_Cache_Miss_Count_Get
                0x0000000022017e7e                SFlash_Cache_Read_Disable
                0x0000000022017e88                SFlash_Read
                0x0000000022017e92                SFlash_Read_Reg_With_Cmd
                0x0000000022017e9c                SFlash_Write_Reg_With_Cmd
                0x0000000022017ea6                SF_Cfg_Init_Ext_Flash_Gpio
                0x0000000022017eb0                SF_Cfg_Init_Internal_Flash_Gpio
                0x0000000022017eba                SF_Cfg_Deinit_Ext_Flash_Gpio
                0x0000000022017ec4                SF_Cfg_Restore_GPIO17_Fun
                0x0000000022017ece                SF_Cfg_Get_Flash_Cfg_Need_Lock
                0x0000000022017ed8                SF_Cfg_Init_Flash_Gpio
                0x0000000022017ee2                SF_Cfg_Flash_Identify
                0x0000000022017eec                SF_Ctrl_Enable
                0x0000000022017ef6                SF_Ctrl_Select_Pad
                0x0000000022017f00                SF_Ctrl_Set_Owner
                0x0000000022017f0a                SF_Ctrl_Disable
                0x0000000022017f14                SF_Ctrl_AES_Enable_BE
                0x0000000022017f1e                SF_Ctrl_AES_Enable_LE
                0x0000000022017f28                SF_Ctrl_AES_Set_Region
                0x0000000022017f32                SF_Ctrl_AES_Set_Key
                0x0000000022017f3c                SF_Ctrl_AES_Set_Key_BE
                0x0000000022017f46                SF_Ctrl_AES_Set_IV
                0x0000000022017f50                SF_Ctrl_AES_Set_IV_BE
                0x0000000022017f5a                SF_Ctrl_AES_Enable
                0x0000000022017f64                SF_Ctrl_AES_Disable
                0x0000000022017f6e                SF_Ctrl_Set_Flash_Image_Offset
                0x0000000022017f78                SF_Ctrl_Get_Flash_Image_Offset
                0x0000000022017f82                SF_Ctrl_Select_Clock
                0x0000000022017f8c                SF_Ctrl_SendCmd
                0x0000000022017f96                SF_Ctrl_Icache_Set
                0x0000000022017fa0                SF_Ctrl_Icache2_Set
                0x0000000022017faa                SF_Ctrl_GetBusyState
                0x0000000022017fb4                SF_Ctrl_Is_AES_Enable
                0x0000000022017fbe                SF_Ctrl_Get_Clock_Delay
                0x0000000022017fc8                SF_Ctrl_Set_Clock_Delay
                0x0000000022017fd2                XIP_SFlash_State_Save
                0x0000000022017fdc                XIP_SFlash_State_Restore
                0x0000000022017fe6                XIP_SFlash_Erase_Need_Lock
                0x0000000022017ff0                XIP_SFlash_Write_Need_Lock
                0x0000000022017ffa                XIP_SFlash_Read_Need_Lock
                0x0000000022018004                XIP_SFlash_GetJedecId_Need_Lock
                0x000000002201800e                XIP_SFlash_GetDeviceId_Need_Lock
                0x0000000022018018                XIP_SFlash_GetUniqueId_Need_Lock
                0x0000000022018022                XIP_SFlash_Read_Via_Cache_Need_Lock
                0x000000002201802c                XIP_SFlash_Read_With_Lock
                0x0000000022018036                XIP_SFlash_Write_With_Lock
                0x0000000022018040                XIP_SFlash_Erase_With_Lock
                0x000000002201804a                XIP_SFlash_Opt_Enter
                0x0000000022018054                XIP_SFlash_Opt_Exit
                0x000000002201805e                BFLB_Soft_CRC32
 .tcm_code      0x0000000022018068      0x5aa out/BSP_Driver/BL602_BSP_Driver/StdDriver/bl602_sflash_ext.o
                0x0000000022018068                SFlash_Restore_From_Powerdown
                0x0000000022018114                SFlash_RCV_Enable
                0x00000000220181de                SFlash_Erase_Security_Register
                0x00000000220182ec                SFlash_Program_Security_Register
                0x0000000022018486                SFlash_Read_Security_Register
 .tcm_code      0x0000000022018612      0x1a6 out/BSP_Driver/BL602_BSP_Driver/StdDriver/bl602_sf_cfg_ext.o
                0x0000000022018612                SF_Cfg_Get_Flash_Cfg_Need_Lock_Ext
                0x0000000022018708                SF_Cfg_Flash_Identify_Ext
 *(.tcm_const)
 .tcm_const     0x00000000220187b8      0x144 out/BSP_Driver/BL602_BSP_Driver/StdDriver/bl602_sf_cfg_ext.o
 *(.sclock_rlt_code)
 .sclock_rlt_code
                0x00000000220188fc      0x140 out/BSP_Driver/BL602_BSP_Driver/StdDriver/bl602_romapi.o
                0x00000000220188fc                AON_Power_On_MBG
                0x0000000022018906                AON_Power_Off_MBG
                0x0000000022018910                AON_Power_On_XTAL
                0x000000002201891a                AON_Set_Xtal_CapCode
                0x0000000022018924                AON_Get_Xtal_CapCode
                0x000000002201892e                AON_Power_Off_XTAL
                0x0000000022018938                EF_Ctrl_Get_Trim_Parity
                0x0000000022018942                EF_Ctrl_Read_RC32M_Trim
                0x000000002201894c                EF_Ctrl_Read_RC32K_Trim
                0x0000000022018956                GLB_Get_Root_CLK_Sel
                0x0000000022018960                GLB_Set_System_CLK_Div
                0x000000002201896a                GLB_Get_BCLK_Div
                0x0000000022018974                GLB_Get_HCLK_Div
                0x000000002201897e                Update_SystemCoreClockWith_XTAL
                0x0000000022018988                GLB_Set_System_CLK
                0x0000000022018992                System_Core_Clock_Update_From_RC32M
                0x000000002201899c                GLB_Set_SF_CLK
                0x00000000220189a6                GLB_Set_PKA_CLK_Sel
                0x00000000220189b0                HBN_32K_Sel
                0x00000000220189ba                HBN_Set_ROOT_CLK_Sel
                0x00000000220189c4                HBN_Power_On_Xtal_32K
                0x00000000220189ce                HBN_Power_Off_Xtal_32K
                0x00000000220189d8                HBN_Trim_RC32K
                0x00000000220189e2                PDS_Trim_RC32M
                0x00000000220189ec                PDS_Select_RC32M_As_PLL_Ref
                0x00000000220189f6                PDS_Select_XTAL_As_PLL_Ref
                0x0000000022018a00                PDS_Power_On_PLL
                0x0000000022018a0a                PDS_Enable_PLL_All_Clks
                0x0000000022018a14                PDS_Disable_PLL_All_Clks
                0x0000000022018a1e                PDS_Enable_PLL_Clk
                0x0000000022018a28                PDS_Disable_PLL_Clk
                0x0000000022018a32                PDS_Power_Off_PLL
 *(.sclock_rlt_const)
                0x0000000022018a3c                . = ALIGN (0x4)
                0x0000000022018a3c                __text_code_end__ = .

.rela.dyn       0x0000000022018a3c        0x0
 .rela.text.start_load
                0x0000000022018a3c        0x0 out/ChipTest/Eflash_Loader/main.o
 .rela.init     0x0000000022018a3c        0x0 out/ChipTest/Eflash_Loader/main.o
 .rela.text.metal.init.enter
                0x0000000022018a3c        0x0 out/ChipTest/Eflash_Loader/main.o
 .rela.text.bflb_platform_uart_dbg_init
                0x0000000022018a3c        0x0 out/ChipTest/Eflash_Loader/main.o
 .rela.text.bflb_platform_uart_dbg_deinit
                0x0000000022018a3c        0x0 out/ChipTest/Eflash_Loader/main.o
                0x0000000022018a3c                . = ALIGN (0x4)
                0x0000000022018a3c                __itcm_load_addr = .

.itcm_region    0x0000000022018a3c        0x0
                0x0000000022018a3c                . = ALIGN (0x4)
                0x0000000022018a3c                __tcm_code_start__ = .
                0x0000000022018a3c                . = ALIGN (0x4)
                0x0000000022018a3c                __tcm_code_end__ = .
                0x0000000022018a3c                __dtcm_load_addr = (__itcm_load_addr + SIZEOF (.itcm_region))

.dtcm_region    0x000000004201c000        0x0 load address 0x0000000022018a3c
                0x000000004201c000                . = ALIGN (0x4)
                0x000000004201c000                __tcm_data_start__ = .
 *(.tcm_data)
                0x000000004201c000                . = ALIGN (0x4)
                0x000000004201c000                __tcm_data_end__ = .

.stack_dummy    0x000000004201c000      0x400
                0x000000004201c000                . = ALIGN (0x4)
                0x000000004201c400                . = (. + StackSize)
 *fill*         0x000000004201c000      0x400 
                0x000000004201c400                . = ALIGN (0x4)
                0x0000000042020000                __StackTop = (ORIGIN (dtcm_memory) + LENGTH (dtcm_memory))
                0x000000004201fc00                __StackLimit = (__StackTop - SIZEOF (.stack_dummy))
                0x0000000000000001                ASSERT ((__StackLimit >= __tcm_data_end__), region RAM overflowed with stack)
                0x0000000022018a3c                __system_ram_load_addr = (__dtcm_load_addr + SIZEOF (.dtcm_region))

.system_ram_data_region
                0x0000000042020000        0x0 load address 0x0000000022018a3c
                0x0000000042020000                . = ALIGN (0x4)
                0x0000000042020000                __system_ram_data_start__ = .
                0x0000000042020000                . = ALIGN (0x4)
                0x0000000042020000                __system_ram_data_end__ = .
                0x0000000022018a3c                __ram_load_addr = (__system_ram_load_addr + SIZEOF (.system_ram_data_region))

RAM_DATA        0x0000000042020000       0xec load address 0x0000000022018a3c
                0x0000000042020000                . = ALIGN (0x4)
                0x0000000042020000                __ram_data_start__ = .
                0x0000000042020800                PROVIDE (__global_pointer$ = (. + 0x800))
 *(.data)
 *(.data.*)
 .data.flashCfg_Gd_Q80E_Q16E
                0x0000000042020000       0x54 out/ChipTest/Eflash_Loader/main.o
 .data.uart_if_cfg
                0x0000000042020054       0x10 out/ChipTest/Eflash_Loader/bflb_eflash_loader_uart.o
 .data.boot_cpu_cfg
                0x0000000042020064       0x24 out/ChipTest/Eflash_Loader/bflb_eflash_loader_boot.o
                0x0000000042020064                boot_cpu_cfg
 .data.flashCfg_Gd_Q80E_Q16E
                0x0000000042020088       0x54 out/ChipTest/Eflash_Loader/bflb_spi_flash.o
 *(.sdata)
 *(.sdata.*)
 .sdata.xtalType
                0x00000000420200dc        0x1 out/ChipTest/Eflash_Loader/main.o
                0x00000000420200dc                xtalType
 *fill*         0x00000000420200dd        0x3 
 .sdata.xtal_clk
                0x00000000420200e0        0x4 out/ChipTest/Eflash_Loader/main.o
                0x00000000420200e0                xtal_clk
 .sdata.uart_if_fifocfg
                0x00000000420200e4        0x4 out/ChipTest/Eflash_Loader/bflb_eflash_loader_uart.o
 .sdata.SdioFuncReg
                0x00000000420200e8        0x4 out/BSP_Driver/BL602_BSP_Driver/StdDriver/bl602_sdu.o
                0x00000000420200e8                SdioFuncReg
 *(.sdata2)
 *(.sdata2.*)
                0x00000000420200ec                . = ALIGN (0x4)
                0x00000000420200ec                __ram_data_end__ = .

.bss            0x00000000420200ec     0xdbdc load address 0x0000000022018b28
                0x00000000420200ec                . = ALIGN (0x4)
                0x00000000420200ec                __bss_start__ = .
 *(.bss*)
 .bss.eflash_loader_cmd_ack_buf
                0x00000000420200ec       0x40 out/ChipTest/Eflash_Loader/main.o
                0x00000000420200ec                eflash_loader_cmd_ack_buf
 .bss.eflash_loader_readbuf
                0x000000004202012c     0x8010 out/ChipTest/Eflash_Loader/main.o
                0x000000004202012c                eflash_loader_readbuf
 .bss.b.9369    0x000000004202813c       0x18 out/ChipTest/Eflash_Loader/bflb_eflash_loader_cmds.o
 .bss.eflash_loader_if_cfg
                0x0000000042028154       0x24 out/ChipTest/Eflash_Loader/bflb_eflash_loader_interface.o
 .bss.image_cfg
                0x0000000042028178       0x2c out/ChipTest/Eflash_Loader/bflb_eflash_loader_boot.o
                0x0000000042028178                image_cfg
 .bss.otp_cfg   0x00000000420281a4       0x30 out/ChipTest/Eflash_Loader/bflb_eflash_loader_boot.o
                0x00000000420281a4                otp_cfg
 .bss.__Interrupt_Handlers
                0x00000000420281d4      0x140 out/BSP_Driver/BL602_BSP_Driver/StdDriver/bl602_common.o
                0x00000000420281d4                __Interrupt_Handlers
 .bss.uartIntCbfArra
                0x0000000042028314       0x40 out/BSP_Driver/BL602_BSP_Driver/StdDriver/bl602_uart.o
 .bss.secEngIntCbfArra
                0x0000000042028354       0x18 out/BSP_Driver/BL602_BSP_Driver/StdDriver/bl602_sec_eng.o
 .bss.print_buf.8867
                0x000000004202836c       0x80 out/BSP_Driver/BL602_BSP_Driver/platform_print/platform_device.o
 *(.sbss*)
 .sbss.bootMode
                0x00000000420283ec        0x1 out/ChipTest/Eflash_Loader/main.o
                0x00000000420283ec                bootMode
 *fill*         0x00000000420283ed        0x3 
 .sbss.jid      0x00000000420283f0        0x4 out/ChipTest/Eflash_Loader/main.o
                0x00000000420283f0                jid
 .sbss.rx_buf_index
                0x00000000420283f4        0x4 out/ChipTest/Eflash_Loader/main.o
                0x00000000420283f4                rx_buf_index
 .sbss.rx_buf_len
                0x00000000420283f8        0x4 out/ChipTest/Eflash_Loader/main.o
                0x00000000420283f8                rx_buf_len
 .sbss.eflash_loader_error
                0x00000000420283fc        0x4 out/ChipTest/Eflash_Loader/bflb_eflash_loader_cmds.o
 .sbss.s.9370   0x0000000042028400        0x4 out/ChipTest/Eflash_Loader/bflb_eflash_loader_cmds.o
 .sbss.startaddr.9367
                0x0000000042028404        0x4 out/ChipTest/Eflash_Loader/bflb_eflash_loader_cmds.o
 .sbss.eflash_loader_if
                0x0000000042028408        0x4 out/ChipTest/Eflash_Loader/bflb_eflash_loader_interface.o
                0x0000000042028408                eflash_loader_if
 .sbss.abr_gpio_sel
                0x000000004202840c        0x1 out/ChipTest/Eflash_Loader/bflb_eflash_loader_uart.o
 *fill*         0x000000004202840d        0x3 
 .sbss.detected_baudrate
                0x0000000042028410        0x4 out/ChipTest/Eflash_Loader/bflb_eflash_loader_uart.o
 .sbss.clk_locked.9103
                0x0000000042028414        0x1 out/ChipTest/Eflash_Loader/bflb_eflash_loader_boot.o
 *fill*         0x0000000042028415        0x3 
 .sbss.bflb_eflash_loader_flash_id_valid_flag
                0x0000000042028418        0x4 out/ChipTest/Eflash_Loader/bflb_spi_flash.o
 .sbss.curr_dnld_port.9018
                0x000000004202841c        0x1 out/ChipTest/Eflash_Loader/sdu.o
 .sbss.curr_upld_port.9035
                0x000000004202841d        0x1 out/ChipTest/Eflash_Loader/sdu.o
 *fill*         0x000000004202841e        0x2 
 .sbss.sdu_rx_buf_attached
                0x0000000042028420        0x2 out/ChipTest/Eflash_Loader/sdu.o
 *fill*         0x0000000042028422        0x2 
 .sbss.bufsize  0x0000000042028424        0x4 out/BSP_Common/xz/xz_port.o
 .sbss.mallocBuf
                0x0000000042028428        0x4 out/BSP_Common/xz/xz_port.o
 .sbss.malloced
                0x000000004202842c        0x4 out/BSP_Common/xz/xz_port.o
 .sbss.flag_mport
                0x0000000042028430        0x1 out/BSP_Driver/BL602_BSP_Driver/StdDriver/bl602_sdu.o
                0x0000000042028430                flag_mport
 *fill*         0x0000000042028431        0x3 
 .sbss.init_flag
                0x0000000042028434        0x4 out/BSP_Driver/BL602_BSP_Driver/platform_print/platform_device.o
 .sbss.log_len  0x0000000042028438        0x4 out/BSP_Driver/BL602_BSP_Driver/platform_print/platform_device.o
 .sbss.uart_dbg_disable
                0x000000004202843c        0x1 out/BSP_Driver/BL602_BSP_Driver/platform_print/platform_device.o
 *(COMMON)
 *(.system_ram)
 *fill*         0x000000004202843d        0x3 
 .system_ram    0x0000000042028440     0x4888 out/ChipTest/Eflash_Loader/bflb_eflash_loader_cmds.o
                0x0000000042028440                padding
                0x0000000042028480                shaTmpBuf
                0x00000000420284c0                checkBuf
                0x0000000042028cc0                ShaInbuf
 .system_ram    0x000000004202ccc8     0x1000 out/BSP_Driver/BL602_BSP_Driver/platform_print/platform_device.o
                0x000000004202dcc8                . = ALIGN (0x4)
                0x000000004202dcc8                __bss_end__ = .

.noinit_data    0x000000004202dcc8        0x0
                0x000000004202dcc8                . = ALIGN (0x4)
                0x000000004202dcc8                __noinit_data_start__ = .
 *(.noinit_data*)
                0x000000004202dcc8                . = ALIGN (0x4)
                0x000000004202dcc8                __noinit_data_end__ = .

.heap           0x000000004202dcc8        0x0
                0x000000004202dcc8                . = ALIGN (0x4)
                0x000000004202dcc8                __HeapBase = .
 *(.heap*)
                0x000000004202dcc8                . = ALIGN (0x4)
                0x000000004202dcc8                __HeapLimit = .
OUTPUT(out/ChipTest/Eflash_Loader/chiptest_eflash_loader.elf elf32-littleriscv)

.debug_info     0x0000000000000000    0x23eca
 .debug_info    0x0000000000000000      0xbcd out/ChipTest/Eflash_Loader/main.o
 .debug_info    0x0000000000000bcd     0x25b6 out/ChipTest/Eflash_Loader/bflb_eflash_loader_cmds.o
 .debug_info    0x0000000000003183      0x78c out/ChipTest/Eflash_Loader/bflb_eflash_loader_gpio.o
 .debug_info    0x000000000000390f      0xd01 out/ChipTest/Eflash_Loader/bflb_eflash_loader_interface.o
 .debug_info    0x0000000000004610      0x6b7 out/ChipTest/Eflash_Loader/bflb_eflash_loader_jlink.o
 .debug_info    0x0000000000004cc7     0x13d9 out/ChipTest/Eflash_Loader/bflb_eflash_loader_uart.o
 .debug_info    0x00000000000060a0      0x8c7 out/ChipTest/Eflash_Loader/bflb_eflash_loader_sdio.o
 .debug_info    0x0000000000006967     0x1773 out/ChipTest/Eflash_Loader/bflb_eflash_loader_boot.o
 .debug_info    0x00000000000080da     0x1bcb out/ChipTest/Eflash_Loader/bflb_spi_flash.o
 .debug_info    0x0000000000009ca5      0x1fc out/ChipTest/Eflash_Loader/bflb_efuse.o
 .debug_info    0x0000000000009ea1      0x143 out/ChipTest/Eflash_Loader/bflb_eflash_loader_cfg.o
 .debug_info    0x0000000000009fe4      0x2b7 out/ChipTest/Eflash_Loader/bflb_set_clock.o
 .debug_info    0x000000000000a29b      0x8e1 out/ChipTest/Eflash_Loader/sdu.o
 .debug_info    0x000000000000ab7c       0xf7 out/BSP_Common/libc/memcpy.o
 .debug_info    0x000000000000ac73       0xd7 out/BSP_Common/libc/memset.o
 .debug_info    0x000000000000ad4a       0xf8 out/BSP_Common/libc/memcmp.o
 .debug_info    0x000000000000ae42      0x525 out/BSP_Common/libc/vsnprintf.o
 .debug_info    0x000000000000b367       0xbf out/BSP_Common/libc/strlen.o
 .debug_info    0x000000000000b426      0x1dd out/BSP_Common/soft_crc/softcrc.o
 .debug_info    0x000000000000b603      0x11b out/BSP_Common/xz/xz_crc32.o
 .debug_info    0x000000000000b71e     0x1b11 out/BSP_Common/xz/xz_dec_lzma2.o
 .debug_info    0x000000000000d22f      0xcde out/BSP_Common/xz/xz_dec_stream.o
 .debug_info    0x000000000000df0d      0x18b out/BSP_Common/xz/xz_port.o
 .debug_info    0x000000000000e098      0x3da out/startup/system_bl602.o
 .debug_info    0x000000000000e472      0x1cb out/startup/GCC/start_load.o
 .debug_info    0x000000000000e63d      0x24e out/startup/interrupt.o
 .debug_info    0x000000000000e88b       0x22 out/startup/GCC/entry.o
 .debug_info    0x000000000000e8ad      0x577 out/BSP_Driver/BL602_BSP_Driver/StdDriver/bl602_common.o
 .debug_info    0x000000000000ee24     0x1481 out/BSP_Driver/BL602_BSP_Driver/StdDriver/bl602_uart.o
 .debug_info    0x00000000000102a5     0x1c25 out/BSP_Driver/BL602_BSP_Driver/StdDriver/bl602_glb.o
 .debug_info    0x0000000000011eca     0x19fe out/BSP_Driver/BL602_BSP_Driver/StdDriver/bl602_ef_ctrl.o
 .debug_info    0x00000000000138c8     0x1f8d out/BSP_Driver/BL602_BSP_Driver/StdDriver/bl602_hbn.o
 .debug_info    0x0000000000015855     0x49ee out/BSP_Driver/BL602_BSP_Driver/StdDriver/bl602_sec_eng.o
 .debug_info    0x000000000001a243      0x41c out/BSP_Driver/BL602_BSP_Driver/StdDriver/bl602_sdu.o
 .debug_info    0x000000000001a65f     0x3b0d out/BSP_Driver/BL602_BSP_Driver/StdDriver/bl602_romapi.o
 .debug_info    0x000000000001e16c     0x1056 out/BSP_Driver/BL602_BSP_Driver/StdDriver/bl602_sflash_ext.o
 .debug_info    0x000000000001f1c2      0x827 out/BSP_Driver/BL602_BSP_Driver/StdDriver/bl602_sf_cfg_ext.o
 .debug_info    0x000000000001f9e9     0x110b out/BSP_Driver/BL602_BSP_Driver/platform_print/platform_device.o
 .debug_info    0x0000000000020af4      0x303 out/BSP_Driver/BL602_BSP_Driver/platform_print/platform_gpio.o
 .debug_info    0x0000000000020df7     0x1270 /mnt/d/workspace/tools/toolchain/riscv64-elf-x86_64-20200720/bin/../lib/gcc/riscv64-unknown-elf/8.1.0/rv32imafc/ilp32f/libgcc.a(_udivdi3.o)
 .debug_info    0x0000000000022067     0x12ce /mnt/d/workspace/tools/toolchain/riscv64-elf-x86_64-20200720/bin/../lib/gcc/riscv64-unknown-elf/8.1.0/rv32imafc/ilp32f/libgcc.a(_umoddi3.o)
 .debug_info    0x0000000000023335      0xb95 /mnt/d/workspace/tools/toolchain/riscv64-elf-x86_64-20200720/bin/../lib/gcc/riscv64-unknown-elf/8.1.0/rv32imafc/ilp32f/libgcc.a(_clz.o)

.debug_abbrev   0x0000000000000000     0x584d
 .debug_abbrev  0x0000000000000000      0x1ea out/ChipTest/Eflash_Loader/main.o
 .debug_abbrev  0x00000000000001ea      0x4f4 out/ChipTest/Eflash_Loader/bflb_eflash_loader_cmds.o
 .debug_abbrev  0x00000000000006de      0x27d out/ChipTest/Eflash_Loader/bflb_eflash_loader_gpio.o
 .debug_abbrev  0x000000000000095b      0x2eb out/ChipTest/Eflash_Loader/bflb_eflash_loader_interface.o
 .debug_abbrev  0x0000000000000c46      0x20c out/ChipTest/Eflash_Loader/bflb_eflash_loader_jlink.o
 .debug_abbrev  0x0000000000000e52      0x3aa out/ChipTest/Eflash_Loader/bflb_eflash_loader_uart.o
 .debug_abbrev  0x00000000000011fc      0x1a8 out/ChipTest/Eflash_Loader/bflb_eflash_loader_sdio.o
 .debug_abbrev  0x00000000000013a4      0x498 out/ChipTest/Eflash_Loader/bflb_eflash_loader_boot.o
 .debug_abbrev  0x000000000000183c      0x3f6 out/ChipTest/Eflash_Loader/bflb_spi_flash.o
 .debug_abbrev  0x0000000000001c32      0x10b out/ChipTest/Eflash_Loader/bflb_efuse.o
 .debug_abbrev  0x0000000000001d3d       0xb0 out/ChipTest/Eflash_Loader/bflb_eflash_loader_cfg.o
 .debug_abbrev  0x0000000000001ded      0x11a out/ChipTest/Eflash_Loader/bflb_set_clock.o
 .debug_abbrev  0x0000000000001f07      0x21c out/ChipTest/Eflash_Loader/sdu.o
 .debug_abbrev  0x0000000000002123       0xba out/BSP_Common/libc/memcpy.o
 .debug_abbrev  0x00000000000021dd       0x9d out/BSP_Common/libc/memset.o
 .debug_abbrev  0x000000000000227a       0xa2 out/BSP_Common/libc/memcmp.o
 .debug_abbrev  0x000000000000231c      0x1f4 out/BSP_Common/libc/vsnprintf.o
 .debug_abbrev  0x0000000000002510       0x8c out/BSP_Common/libc/strlen.o
 .debug_abbrev  0x000000000000259c      0x109 out/BSP_Common/soft_crc/softcrc.o
 .debug_abbrev  0x00000000000026a5       0xcb out/BSP_Common/xz/xz_crc32.o
 .debug_abbrev  0x0000000000002770      0x3a0 out/BSP_Common/xz/xz_dec_lzma2.o
 .debug_abbrev  0x0000000000002b10      0x36c out/BSP_Common/xz/xz_dec_stream.o
 .debug_abbrev  0x0000000000002e7c      0x111 out/BSP_Common/xz/xz_port.o
 .debug_abbrev  0x0000000000002f8d      0x199 out/startup/system_bl602.o
 .debug_abbrev  0x0000000000003126       0x94 out/startup/GCC/start_load.o
 .debug_abbrev  0x00000000000031ba      0x130 out/startup/interrupt.o
 .debug_abbrev  0x00000000000032ea       0x12 out/startup/GCC/entry.o
 .debug_abbrev  0x00000000000032fc      0x191 out/BSP_Driver/BL602_BSP_Driver/StdDriver/bl602_common.o
 .debug_abbrev  0x000000000000348d      0x2ba out/BSP_Driver/BL602_BSP_Driver/StdDriver/bl602_uart.o
 .debug_abbrev  0x0000000000003747      0x2a7 out/BSP_Driver/BL602_BSP_Driver/StdDriver/bl602_glb.o
 .debug_abbrev  0x00000000000039ee      0x307 out/BSP_Driver/BL602_BSP_Driver/StdDriver/bl602_ef_ctrl.o
 .debug_abbrev  0x0000000000003cf5      0x38b out/BSP_Driver/BL602_BSP_Driver/StdDriver/bl602_hbn.o
 .debug_abbrev  0x0000000000004080      0x47e out/BSP_Driver/BL602_BSP_Driver/StdDriver/bl602_sec_eng.o
 .debug_abbrev  0x00000000000044fe      0x14d out/BSP_Driver/BL602_BSP_Driver/StdDriver/bl602_sdu.o
 .debug_abbrev  0x000000000000464b      0x2ab out/BSP_Driver/BL602_BSP_Driver/StdDriver/bl602_romapi.o
 .debug_abbrev  0x00000000000048f6      0x202 out/BSP_Driver/BL602_BSP_Driver/StdDriver/bl602_sflash_ext.o
 .debug_abbrev  0x0000000000004af8      0x179 out/BSP_Driver/BL602_BSP_Driver/StdDriver/bl602_sf_cfg_ext.o
 .debug_abbrev  0x0000000000004c71      0x336 out/BSP_Driver/BL602_BSP_Driver/platform_print/platform_device.o
 .debug_abbrev  0x0000000000004fa7       0xef out/BSP_Driver/BL602_BSP_Driver/platform_print/platform_gpio.o
 .debug_abbrev  0x0000000000005096      0x2d5 /mnt/d/workspace/tools/toolchain/riscv64-elf-x86_64-20200720/bin/../lib/gcc/riscv64-unknown-elf/8.1.0/rv32imafc/ilp32f/libgcc.a(_udivdi3.o)
 .debug_abbrev  0x000000000000536b      0x2f1 /mnt/d/workspace/tools/toolchain/riscv64-elf-x86_64-20200720/bin/../lib/gcc/riscv64-unknown-elf/8.1.0/rv32imafc/ilp32f/libgcc.a(_umoddi3.o)
 .debug_abbrev  0x000000000000565c      0x1f1 /mnt/d/workspace/tools/toolchain/riscv64-elf-x86_64-20200720/bin/../lib/gcc/riscv64-unknown-elf/8.1.0/rv32imafc/ilp32f/libgcc.a(_clz.o)

.debug_aranges  0x0000000000000000     0x17e8
 .debug_aranges
                0x0000000000000000       0x20 out/ChipTest/Eflash_Loader/main.o
 .debug_aranges
                0x0000000000000020       0xf0 out/ChipTest/Eflash_Loader/bflb_eflash_loader_cmds.o
 .debug_aranges
                0x0000000000000110       0x60 out/ChipTest/Eflash_Loader/bflb_eflash_loader_gpio.o
 .debug_aranges
                0x0000000000000170       0x78 out/ChipTest/Eflash_Loader/bflb_eflash_loader_interface.o
 .debug_aranges
                0x00000000000001e8       0x50 out/ChipTest/Eflash_Loader/bflb_eflash_loader_jlink.o
 .debug_aranges
                0x0000000000000238       0x68 out/ChipTest/Eflash_Loader/bflb_eflash_loader_uart.o
 .debug_aranges
                0x00000000000002a0       0x48 out/ChipTest/Eflash_Loader/bflb_eflash_loader_sdio.o
 .debug_aranges
                0x00000000000002e8       0x58 out/ChipTest/Eflash_Loader/bflb_eflash_loader_boot.o
 .debug_aranges
                0x0000000000000340       0xd0 out/ChipTest/Eflash_Loader/bflb_spi_flash.o
 .debug_aranges
                0x0000000000000410       0x28 out/ChipTest/Eflash_Loader/bflb_efuse.o
 .debug_aranges
                0x0000000000000438       0x38 out/ChipTest/Eflash_Loader/bflb_eflash_loader_cfg.o
 .debug_aranges
                0x0000000000000470       0x40 out/ChipTest/Eflash_Loader/bflb_set_clock.o
 .debug_aranges
                0x00000000000004b0       0x40 out/ChipTest/Eflash_Loader/sdu.o
 .debug_aranges
                0x00000000000004f0       0x20 out/BSP_Common/libc/memcpy.o
 .debug_aranges
                0x0000000000000510       0x20 out/BSP_Common/libc/memset.o
 .debug_aranges
                0x0000000000000530       0x20 out/BSP_Common/libc/memcmp.o
 .debug_aranges
                0x0000000000000550       0x20 out/BSP_Common/libc/vsnprintf.o
 .debug_aranges
                0x0000000000000570       0x20 out/BSP_Common/libc/strlen.o
 .debug_aranges
                0x0000000000000590       0x28 out/BSP_Common/soft_crc/softcrc.o
 .debug_aranges
                0x00000000000005b8       0x28 out/BSP_Common/xz/xz_crc32.o
 .debug_aranges
                0x00000000000005e0       0x50 out/BSP_Common/xz/xz_dec_lzma2.o
 .debug_aranges
                0x0000000000000630       0x50 out/BSP_Common/xz/xz_dec_stream.o
 .debug_aranges
                0x0000000000000680       0x30 out/BSP_Common/xz/xz_port.o
 .debug_aranges
                0x00000000000006b0       0x30 out/startup/system_bl602.o
 .debug_aranges
                0x00000000000006e0       0x20 out/startup/GCC/start_load.o
 .debug_aranges
                0x0000000000000700       0x68 out/startup/interrupt.o
 .debug_aranges
                0x0000000000000768       0x30 out/startup/GCC/entry.o
 .debug_aranges
                0x0000000000000798       0x38 out/BSP_Driver/BL602_BSP_Driver/StdDriver/bl602_common.o
 .debug_aranges
                0x00000000000007d0      0x128 out/BSP_Driver/BL602_BSP_Driver/StdDriver/bl602_uart.o
 .debug_aranges
                0x00000000000008f8      0x218 out/BSP_Driver/BL602_BSP_Driver/StdDriver/bl602_glb.o
 .debug_aranges
                0x0000000000000b10      0x178 out/BSP_Driver/BL602_BSP_Driver/StdDriver/bl602_ef_ctrl.o
 .debug_aranges
                0x0000000000000c88      0x1b0 out/BSP_Driver/BL602_BSP_Driver/StdDriver/bl602_hbn.o
 .debug_aranges
                0x0000000000000e38      0x280 out/BSP_Driver/BL602_BSP_Driver/StdDriver/bl602_sec_eng.o
 .debug_aranges
                0x00000000000010b8       0x28 out/BSP_Driver/BL602_BSP_Driver/StdDriver/bl602_sdu.o
 .debug_aranges
                0x00000000000010e0      0x550 out/BSP_Driver/BL602_BSP_Driver/StdDriver/bl602_romapi.o
 .debug_aranges
                0x0000000000001630       0x40 out/BSP_Driver/BL602_BSP_Driver/StdDriver/bl602_sflash_ext.o
 .debug_aranges
                0x0000000000001670       0x28 out/BSP_Driver/BL602_BSP_Driver/StdDriver/bl602_sf_cfg_ext.o
 .debug_aranges
                0x0000000000001698       0xd0 out/BSP_Driver/BL602_BSP_Driver/platform_print/platform_device.o
 .debug_aranges
                0x0000000000001768       0x28 out/BSP_Driver/BL602_BSP_Driver/platform_print/platform_gpio.o
 .debug_aranges
                0x0000000000001790       0x20 /mnt/d/workspace/tools/toolchain/riscv64-elf-x86_64-20200720/bin/../lib/gcc/riscv64-unknown-elf/8.1.0/rv32imafc/ilp32f/libgcc.a(_udivdi3.o)
 .debug_aranges
                0x00000000000017b0       0x20 /mnt/d/workspace/tools/toolchain/riscv64-elf-x86_64-20200720/bin/../lib/gcc/riscv64-unknown-elf/8.1.0/rv32imafc/ilp32f/libgcc.a(_umoddi3.o)
 .debug_aranges
                0x00000000000017d0       0x18 /mnt/d/workspace/tools/toolchain/riscv64-elf-x86_64-20200720/bin/../lib/gcc/riscv64-unknown-elf/8.1.0/rv32imafc/ilp32f/libgcc.a(_clz.o)

.debug_ranges   0x0000000000000000     0x2bb0
 .debug_ranges  0x0000000000000000       0x10 out/ChipTest/Eflash_Loader/main.o
 .debug_ranges  0x0000000000000010      0x130 out/ChipTest/Eflash_Loader/bflb_eflash_loader_cmds.o
 .debug_ranges  0x0000000000000140       0x68 out/ChipTest/Eflash_Loader/bflb_eflash_loader_gpio.o
 .debug_ranges  0x00000000000001a8       0x80 out/ChipTest/Eflash_Loader/bflb_eflash_loader_interface.o
 .debug_ranges  0x0000000000000228       0x60 out/ChipTest/Eflash_Loader/bflb_eflash_loader_jlink.o
 .debug_ranges  0x0000000000000288      0x108 out/ChipTest/Eflash_Loader/bflb_eflash_loader_uart.o
 .debug_ranges  0x0000000000000390       0x38 out/ChipTest/Eflash_Loader/bflb_eflash_loader_sdio.o
 .debug_ranges  0x00000000000003c8       0xf8 out/ChipTest/Eflash_Loader/bflb_eflash_loader_boot.o
 .debug_ranges  0x00000000000004c0      0x138 out/ChipTest/Eflash_Loader/bflb_spi_flash.o
 .debug_ranges  0x00000000000005f8       0x18 out/ChipTest/Eflash_Loader/bflb_efuse.o
 .debug_ranges  0x0000000000000610       0x28 out/ChipTest/Eflash_Loader/bflb_eflash_loader_cfg.o
 .debug_ranges  0x0000000000000638       0x30 out/ChipTest/Eflash_Loader/bflb_set_clock.o
 .debug_ranges  0x0000000000000668       0x50 out/ChipTest/Eflash_Loader/sdu.o